Archive member included to satisfy reference by file (symbol)

../libopencm3/lib\libopencm3_stm32f4.a(gpio_common_all.o)
                              src/main.o (gpio_set)
../libopencm3/lib\libopencm3_stm32f4.a(gpio_common_f0234.o)
                              src/main.o (gpio_mode_setup)
../libopencm3/lib\libopencm3_stm32f4.a(rcc_common_all.o)
                              src/main.o (rcc_periph_clock_enable)
../libopencm3/lib\libopencm3_stm32f4.a(rcc.o)
                              src/core/system.o (rcc_clock_setup_pll)
../libopencm3/lib\libopencm3_stm32f4.a(usart_common_all.o)
                              src/main.o (usart_set_baudrate)
../libopencm3/lib\libopencm3_stm32f4.a(usart_common_f124.o)
                              ../libopencm3/lib\libopencm3_stm32f4.a(usart_common_all.o) (usart_send)
../libopencm3/lib\libopencm3_stm32f4.a(systick.o)
                              src/core/system.o (systick_set_frequency)
../libopencm3/lib\libopencm3_stm32f4.a(flash_common_all.o)
                              ../libopencm3/lib\libopencm3_stm32f4.a(rcc.o) (flash_set_ws)
../libopencm3/lib\libopencm3_stm32f4.a(flash_common_idcache.o)
                              ../libopencm3/lib\libopencm3_stm32f4.a(rcc.o) (flash_dcache_enable)
../libopencm3/lib\libopencm3_stm32f4.a(pwr.o)
                              ../libopencm3/lib\libopencm3_stm32f4.a(rcc.o) (pwr_set_vos_scale)

Discarded input sections

 .data          0x00000000        0x0 src/core/system.o
 .data          0x00000000        0x0 src/main.o
 .bss           0x00000000        0x0 src/main.o
 .text          0x00000000        0x0 src/bootloader.o
 .data          0x00000000        0x0 src/bootloader.o
 .bss           0x00000000        0x0 src/bootloader.o
 .ARM.attributes
                0x00000000       0x20 src/bootloader.o
 .data          0x00000000        0x0 startup.o
 .bss           0x00000000        0x0 startup.o
 .group         0x00000000        0xc ../libopencm3/lib\libopencm3_stm32f4.a(gpio_common_all.o)
 .group         0x00000000        0xc ../libopencm3/lib\libopencm3_stm32f4.a(gpio_common_all.o)
 .group         0x00000000        0xc ../libopencm3/lib\libopencm3_stm32f4.a(gpio_common_all.o)
 .group         0x00000000        0xc ../libopencm3/lib\libopencm3_stm32f4.a(gpio_common_all.o)
 .group         0x00000000        0xc ../libopencm3/lib\libopencm3_stm32f4.a(gpio_common_all.o)
 .group         0x00000000        0xc ../libopencm3/lib\libopencm3_stm32f4.a(gpio_common_all.o)
 .group         0x00000000        0xc ../libopencm3/lib\libopencm3_stm32f4.a(gpio_common_all.o)
 .group         0x00000000        0xc ../libopencm3/lib\libopencm3_stm32f4.a(gpio_common_all.o)
 .group         0x00000000        0xc ../libopencm3/lib\libopencm3_stm32f4.a(gpio_common_all.o)
 .group         0x00000000        0xc ../libopencm3/lib\libopencm3_stm32f4.a(gpio_common_all.o)
 .group         0x00000000        0xc ../libopencm3/lib\libopencm3_stm32f4.a(gpio_common_all.o)
 .group         0x00000000        0xc ../libopencm3/lib\libopencm3_stm32f4.a(gpio_common_all.o)
 .group         0x00000000        0xc ../libopencm3/lib\libopencm3_stm32f4.a(gpio_common_all.o)
 .group         0x00000000        0xc ../libopencm3/lib\libopencm3_stm32f4.a(gpio_common_all.o)
 .group         0x00000000        0xc ../libopencm3/lib\libopencm3_stm32f4.a(gpio_common_all.o)
 .text          0x00000000        0x0 ../libopencm3/lib\libopencm3_stm32f4.a(gpio_common_all.o)
 .data          0x00000000        0x0 ../libopencm3/lib\libopencm3_stm32f4.a(gpio_common_all.o)
 .bss           0x00000000        0x0 ../libopencm3/lib\libopencm3_stm32f4.a(gpio_common_all.o)
 .text.gpio_clear
                0x00000000        0x6 ../libopencm3/lib\libopencm3_stm32f4.a(gpio_common_all.o)
 .text.gpio_get
                0x00000000        0x6 ../libopencm3/lib\libopencm3_stm32f4.a(gpio_common_all.o)
 .text.gpio_port_read
                0x00000000        0x6 ../libopencm3/lib\libopencm3_stm32f4.a(gpio_common_all.o)
 .text.gpio_port_write
                0x00000000        0x4 ../libopencm3/lib\libopencm3_stm32f4.a(gpio_common_all.o)
 .text.gpio_port_config_lock
                0x00000000       0x10 ../libopencm3/lib\libopencm3_stm32f4.a(gpio_common_all.o)
 .group         0x00000000        0xc ../libopencm3/lib\libopencm3_stm32f4.a(gpio_common_f0234.o)
 .group         0x00000000        0xc ../libopencm3/lib\libopencm3_stm32f4.a(gpio_common_f0234.o)
 .group         0x00000000        0xc ../libopencm3/lib\libopencm3_stm32f4.a(gpio_common_f0234.o)
 .group         0x00000000        0xc ../libopencm3/lib\libopencm3_stm32f4.a(gpio_common_f0234.o)
 .group         0x00000000        0xc ../libopencm3/lib\libopencm3_stm32f4.a(gpio_common_f0234.o)
 .group         0x00000000        0xc ../libopencm3/lib\libopencm3_stm32f4.a(gpio_common_f0234.o)
 .group         0x00000000        0xc ../libopencm3/lib\libopencm3_stm32f4.a(gpio_common_f0234.o)
 .group         0x00000000        0xc ../libopencm3/lib\libopencm3_stm32f4.a(gpio_common_f0234.o)
 .group         0x00000000        0xc ../libopencm3/lib\libopencm3_stm32f4.a(gpio_common_f0234.o)
 .group         0x00000000        0xc ../libopencm3/lib\libopencm3_stm32f4.a(gpio_common_f0234.o)
 .group         0x00000000        0xc ../libopencm3/lib\libopencm3_stm32f4.a(gpio_common_f0234.o)
 .group         0x00000000        0xc ../libopencm3/lib\libopencm3_stm32f4.a(gpio_common_f0234.o)
 .group         0x00000000        0xc ../libopencm3/lib\libopencm3_stm32f4.a(gpio_common_f0234.o)
 .group         0x00000000        0xc ../libopencm3/lib\libopencm3_stm32f4.a(gpio_common_f0234.o)
 .group         0x00000000        0xc ../libopencm3/lib\libopencm3_stm32f4.a(gpio_common_f0234.o)
 .text          0x00000000        0x0 ../libopencm3/lib\libopencm3_stm32f4.a(gpio_common_f0234.o)
 .data          0x00000000        0x0 ../libopencm3/lib\libopencm3_stm32f4.a(gpio_common_f0234.o)
 .bss           0x00000000        0x0 ../libopencm3/lib\libopencm3_stm32f4.a(gpio_common_f0234.o)
 .text.gpio_set_output_options
                0x00000000       0x36 ../libopencm3/lib\libopencm3_stm32f4.a(gpio_common_f0234.o)
 .debug_macro   0x00000000      0xacc ../libopencm3/lib\libopencm3_stm32f4.a(gpio_common_f0234.o)
 .debug_macro   0x00000000       0x1c ../libopencm3/lib\libopencm3_stm32f4.a(gpio_common_f0234.o)
 .debug_macro   0x00000000       0x22 ../libopencm3/lib\libopencm3_stm32f4.a(gpio_common_f0234.o)
 .debug_macro   0x00000000       0x56 ../libopencm3/lib\libopencm3_stm32f4.a(gpio_common_f0234.o)
 .debug_macro   0x00000000       0x51 ../libopencm3/lib\libopencm3_stm32f4.a(gpio_common_f0234.o)
 .debug_macro   0x00000000      0x103 ../libopencm3/lib\libopencm3_stm32f4.a(gpio_common_f0234.o)
 .debug_macro   0x00000000       0x6a ../libopencm3/lib\libopencm3_stm32f4.a(gpio_common_f0234.o)
 .debug_macro   0x00000000      0x1df ../libopencm3/lib\libopencm3_stm32f4.a(gpio_common_f0234.o)
 .debug_macro   0x00000000       0x22 ../libopencm3/lib\libopencm3_stm32f4.a(gpio_common_f0234.o)
 .debug_macro   0x00000000       0xe8 ../libopencm3/lib\libopencm3_stm32f4.a(gpio_common_f0234.o)
 .debug_macro   0x00000000       0x76 ../libopencm3/lib\libopencm3_stm32f4.a(gpio_common_f0234.o)
 .debug_macro   0x00000000      0x280 ../libopencm3/lib\libopencm3_stm32f4.a(gpio_common_f0234.o)
 .debug_macro   0x00000000       0x76 ../libopencm3/lib\libopencm3_stm32f4.a(gpio_common_f0234.o)
 .debug_macro   0x00000000      0x37e ../libopencm3/lib\libopencm3_stm32f4.a(gpio_common_f0234.o)
 .debug_macro   0x00000000       0xca ../libopencm3/lib\libopencm3_stm32f4.a(gpio_common_f0234.o)
 .group         0x00000000        0xc ../libopencm3/lib\libopencm3_stm32f4.a(rcc_common_all.o)
 .group         0x00000000        0xc ../libopencm3/lib\libopencm3_stm32f4.a(rcc_common_all.o)
 .group         0x00000000        0xc ../libopencm3/lib\libopencm3_stm32f4.a(rcc_common_all.o)
 .group         0x00000000        0xc ../libopencm3/lib\libopencm3_stm32f4.a(rcc_common_all.o)
 .group         0x00000000        0xc ../libopencm3/lib\libopencm3_stm32f4.a(rcc_common_all.o)
 .group         0x00000000        0xc ../libopencm3/lib\libopencm3_stm32f4.a(rcc_common_all.o)
 .group         0x00000000        0xc ../libopencm3/lib\libopencm3_stm32f4.a(rcc_common_all.o)
 .group         0x00000000        0xc ../libopencm3/lib\libopencm3_stm32f4.a(rcc_common_all.o)
 .group         0x00000000        0xc ../libopencm3/lib\libopencm3_stm32f4.a(rcc_common_all.o)
 .group         0x00000000        0xc ../libopencm3/lib\libopencm3_stm32f4.a(rcc_common_all.o)
 .group         0x00000000        0xc ../libopencm3/lib\libopencm3_stm32f4.a(rcc_common_all.o)
 .group         0x00000000        0xc ../libopencm3/lib\libopencm3_stm32f4.a(rcc_common_all.o)
 .group         0x00000000        0xc ../libopencm3/lib\libopencm3_stm32f4.a(rcc_common_all.o)
 .group         0x00000000        0xc ../libopencm3/lib\libopencm3_stm32f4.a(rcc_common_all.o)
 .group         0x00000000        0xc ../libopencm3/lib\libopencm3_stm32f4.a(rcc_common_all.o)
 .text          0x00000000        0x0 ../libopencm3/lib\libopencm3_stm32f4.a(rcc_common_all.o)
 .data          0x00000000        0x0 ../libopencm3/lib\libopencm3_stm32f4.a(rcc_common_all.o)
 .bss           0x00000000        0x0 ../libopencm3/lib\libopencm3_stm32f4.a(rcc_common_all.o)
 .text.rcc_peripheral_enable_clock
                0x00000000        0x8 ../libopencm3/lib\libopencm3_stm32f4.a(rcc_common_all.o)
 .text.rcc_peripheral_disable_clock
                0x00000000        0xa ../libopencm3/lib\libopencm3_stm32f4.a(rcc_common_all.o)
 .text.rcc_peripheral_reset
                0x00000000        0x8 ../libopencm3/lib\libopencm3_stm32f4.a(rcc_common_all.o)
 .text.rcc_peripheral_clear_reset
                0x00000000        0xa ../libopencm3/lib\libopencm3_stm32f4.a(rcc_common_all.o)
 .text.rcc_periph_clock_disable
                0x00000000       0x1c ../libopencm3/lib\libopencm3_stm32f4.a(rcc_common_all.o)
 .text.rcc_periph_reset_pulse
                0x00000000       0x22 ../libopencm3/lib\libopencm3_stm32f4.a(rcc_common_all.o)
 .text.rcc_periph_reset_hold
                0x00000000        0x4 ../libopencm3/lib\libopencm3_stm32f4.a(rcc_common_all.o)
 .text.rcc_periph_reset_release
                0x00000000        0x4 ../libopencm3/lib\libopencm3_stm32f4.a(rcc_common_all.o)
 .text.rcc_set_mco
                0x00000000       0x18 ../libopencm3/lib\libopencm3_stm32f4.a(rcc_common_all.o)
 .text.rcc_osc_bypass_enable
                0x00000000       0x30 ../libopencm3/lib\libopencm3_stm32f4.a(rcc_common_all.o)
 .text.rcc_osc_bypass_disable
                0x00000000       0x30 ../libopencm3/lib\libopencm3_stm32f4.a(rcc_common_all.o)
 .text.rcc_get_div_from_hpre
                0x00000000       0x18 ../libopencm3/lib\libopencm3_stm32f4.a(rcc_common_all.o)
 .debug_macro   0x00000000      0xacc ../libopencm3/lib\libopencm3_stm32f4.a(rcc_common_all.o)
 .debug_macro   0x00000000       0x1c ../libopencm3/lib\libopencm3_stm32f4.a(rcc_common_all.o)
 .debug_macro   0x00000000       0x22 ../libopencm3/lib\libopencm3_stm32f4.a(rcc_common_all.o)
 .debug_macro   0x00000000       0x56 ../libopencm3/lib\libopencm3_stm32f4.a(rcc_common_all.o)
 .debug_macro   0x00000000       0x51 ../libopencm3/lib\libopencm3_stm32f4.a(rcc_common_all.o)
 .debug_macro   0x00000000      0x103 ../libopencm3/lib\libopencm3_stm32f4.a(rcc_common_all.o)
 .debug_macro   0x00000000       0x6a ../libopencm3/lib\libopencm3_stm32f4.a(rcc_common_all.o)
 .debug_macro   0x00000000      0x1df ../libopencm3/lib\libopencm3_stm32f4.a(rcc_common_all.o)
 .debug_macro   0x00000000       0x22 ../libopencm3/lib\libopencm3_stm32f4.a(rcc_common_all.o)
 .debug_macro   0x00000000       0xe8 ../libopencm3/lib\libopencm3_stm32f4.a(rcc_common_all.o)
 .debug_macro   0x00000000       0x76 ../libopencm3/lib\libopencm3_stm32f4.a(rcc_common_all.o)
 .debug_macro   0x00000000      0x280 ../libopencm3/lib\libopencm3_stm32f4.a(rcc_common_all.o)
 .group         0x00000000        0xc ../libopencm3/lib\libopencm3_stm32f4.a(rcc.o)
 .group         0x00000000        0xc ../libopencm3/lib\libopencm3_stm32f4.a(rcc.o)
 .group         0x00000000        0xc ../libopencm3/lib\libopencm3_stm32f4.a(rcc.o)
 .group         0x00000000        0xc ../libopencm3/lib\libopencm3_stm32f4.a(rcc.o)
 .group         0x00000000        0xc ../libopencm3/lib\libopencm3_stm32f4.a(rcc.o)
 .group         0x00000000        0xc ../libopencm3/lib\libopencm3_stm32f4.a(rcc.o)
 .group         0x00000000        0xc ../libopencm3/lib\libopencm3_stm32f4.a(rcc.o)
 .group         0x00000000        0xc ../libopencm3/lib\libopencm3_stm32f4.a(rcc.o)
 .group         0x00000000        0xc ../libopencm3/lib\libopencm3_stm32f4.a(rcc.o)
 .group         0x00000000        0xc ../libopencm3/lib\libopencm3_stm32f4.a(rcc.o)
 .group         0x00000000        0xc ../libopencm3/lib\libopencm3_stm32f4.a(rcc.o)
 .group         0x00000000        0xc ../libopencm3/lib\libopencm3_stm32f4.a(rcc.o)
 .group         0x00000000        0xc ../libopencm3/lib\libopencm3_stm32f4.a(rcc.o)
 .group         0x00000000        0xc ../libopencm3/lib\libopencm3_stm32f4.a(rcc.o)
 .group         0x00000000        0xc ../libopencm3/lib\libopencm3_stm32f4.a(rcc.o)
 .group         0x00000000        0xc ../libopencm3/lib\libopencm3_stm32f4.a(rcc.o)
 .group         0x00000000        0xc ../libopencm3/lib\libopencm3_stm32f4.a(rcc.o)
 .group         0x00000000        0xc ../libopencm3/lib\libopencm3_stm32f4.a(rcc.o)
 .group         0x00000000        0xc ../libopencm3/lib\libopencm3_stm32f4.a(rcc.o)
 .text          0x00000000        0x0 ../libopencm3/lib\libopencm3_stm32f4.a(rcc.o)
 .data          0x00000000        0x0 ../libopencm3/lib\libopencm3_stm32f4.a(rcc.o)
 .bss           0x00000000        0x0 ../libopencm3/lib\libopencm3_stm32f4.a(rcc.o)
 .text.rcc_osc_ready_int_clear
                0x00000000       0x6c ../libopencm3/lib\libopencm3_stm32f4.a(rcc.o)
 .text.rcc_osc_ready_int_enable
                0x00000000       0x6c ../libopencm3/lib\libopencm3_stm32f4.a(rcc.o)
 .text.rcc_osc_ready_int_disable
                0x00000000       0x6c ../libopencm3/lib\libopencm3_stm32f4.a(rcc.o)
 .text.rcc_osc_ready_int_flag
                0x00000000       0x6c ../libopencm3/lib\libopencm3_stm32f4.a(rcc.o)
 .text.rcc_css_int_clear
                0x00000000       0x14 ../libopencm3/lib\libopencm3_stm32f4.a(rcc.o)
 .text.rcc_css_int_flag
                0x00000000       0x10 ../libopencm3/lib\libopencm3_stm32f4.a(rcc.o)
 .text.rcc_wait_for_sysclk_status
                0x00000000       0x40 ../libopencm3/lib\libopencm3_stm32f4.a(rcc.o)
 .text.rcc_css_enable
                0x00000000       0x14 ../libopencm3/lib\libopencm3_stm32f4.a(rcc.o)
 .text.rcc_css_disable
                0x00000000       0x14 ../libopencm3/lib\libopencm3_stm32f4.a(rcc.o)
 .text.rcc_plli2s_config
                0x00000000       0x1c ../libopencm3/lib\libopencm3_stm32f4.a(rcc.o)
 .text.rcc_pllsai_config
                0x00000000       0x2c ../libopencm3/lib\libopencm3_stm32f4.a(rcc.o)
 .text.rcc_pllsai_postscalers
                0x00000000       0x28 ../libopencm3/lib\libopencm3_stm32f4.a(rcc.o)
 .text.rcc_set_pll_source
                0x00000000       0x18 ../libopencm3/lib\libopencm3_stm32f4.a(rcc.o)
 .text.rcc_set_rtcpre
                0x00000000       0x18 ../libopencm3/lib\libopencm3_stm32f4.a(rcc.o)
 .text.rcc_system_clock_source
                0x00000000       0x10 ../libopencm3/lib\libopencm3_stm32f4.a(rcc.o)
 .text.rcc_clock_setup_hse_3v3
                0x00000000        0x4 ../libopencm3/lib\libopencm3_stm32f4.a(rcc.o)
 .text.rcc_get_timer_clk_freq
                0x00000000       0x34 ../libopencm3/lib\libopencm3_stm32f4.a(rcc.o)
 .text.rcc_get_i2c_clk_freq
                0x00000000        0xc ../libopencm3/lib\libopencm3_stm32f4.a(rcc.o)
 .text.rcc_get_spi_clk_freq
                0x00000000       0x20 ../libopencm3/lib\libopencm3_stm32f4.a(rcc.o)
 .rodata.rcc_hse_25mhz_3v3
                0x00000000       0x70 ../libopencm3/lib\libopencm3_stm32f4.a(rcc.o)
 .rodata.rcc_hse_16mhz_3v3
                0x00000000       0x70 ../libopencm3/lib\libopencm3_stm32f4.a(rcc.o)
 .rodata.rcc_hse_12mhz_3v3
                0x00000000       0x70 ../libopencm3/lib\libopencm3_stm32f4.a(rcc.o)
 .rodata.rcc_hse_8mhz_3v3
                0x00000000       0x70 ../libopencm3/lib\libopencm3_stm32f4.a(rcc.o)
 .debug_macro   0x00000000      0xacc ../libopencm3/lib\libopencm3_stm32f4.a(rcc.o)
 .debug_macro   0x00000000       0x1c ../libopencm3/lib\libopencm3_stm32f4.a(rcc.o)
 .debug_macro   0x00000000       0x22 ../libopencm3/lib\libopencm3_stm32f4.a(rcc.o)
 .debug_macro   0x00000000       0x56 ../libopencm3/lib\libopencm3_stm32f4.a(rcc.o)
 .debug_macro   0x00000000       0x51 ../libopencm3/lib\libopencm3_stm32f4.a(rcc.o)
 .debug_macro   0x00000000      0x103 ../libopencm3/lib\libopencm3_stm32f4.a(rcc.o)
 .debug_macro   0x00000000       0x6a ../libopencm3/lib\libopencm3_stm32f4.a(rcc.o)
 .debug_macro   0x00000000      0x1df ../libopencm3/lib\libopencm3_stm32f4.a(rcc.o)
 .debug_macro   0x00000000       0x22 ../libopencm3/lib\libopencm3_stm32f4.a(rcc.o)
 .debug_macro   0x00000000       0xe8 ../libopencm3/lib\libopencm3_stm32f4.a(rcc.o)
 .debug_macro   0x00000000       0x76 ../libopencm3/lib\libopencm3_stm32f4.a(rcc.o)
 .debug_macro   0x00000000      0x280 ../libopencm3/lib\libopencm3_stm32f4.a(rcc.o)
 .debug_macro   0x00000000       0x8e ../libopencm3/lib\libopencm3_stm32f4.a(rcc.o)
 .debug_macro   0x00000000       0x46 ../libopencm3/lib\libopencm3_stm32f4.a(rcc.o)
 .debug_macro   0x00000000      0xcea ../libopencm3/lib\libopencm3_stm32f4.a(rcc.o)
 .group         0x00000000        0xc ../libopencm3/lib\libopencm3_stm32f4.a(usart_common_all.o)
 .group         0x00000000        0xc ../libopencm3/lib\libopencm3_stm32f4.a(usart_common_all.o)
 .group         0x00000000        0xc ../libopencm3/lib\libopencm3_stm32f4.a(usart_common_all.o)
 .group         0x00000000        0xc ../libopencm3/lib\libopencm3_stm32f4.a(usart_common_all.o)
 .group         0x00000000        0xc ../libopencm3/lib\libopencm3_stm32f4.a(usart_common_all.o)
 .group         0x00000000        0xc ../libopencm3/lib\libopencm3_stm32f4.a(usart_common_all.o)
 .group         0x00000000        0xc ../libopencm3/lib\libopencm3_stm32f4.a(usart_common_all.o)
 .group         0x00000000        0xc ../libopencm3/lib\libopencm3_stm32f4.a(usart_common_all.o)
 .group         0x00000000        0xc ../libopencm3/lib\libopencm3_stm32f4.a(usart_common_all.o)
 .group         0x00000000        0xc ../libopencm3/lib\libopencm3_stm32f4.a(usart_common_all.o)
 .group         0x00000000        0xc ../libopencm3/lib\libopencm3_stm32f4.a(usart_common_all.o)
 .group         0x00000000        0xc ../libopencm3/lib\libopencm3_stm32f4.a(usart_common_all.o)
 .group         0x00000000        0xc ../libopencm3/lib\libopencm3_stm32f4.a(usart_common_all.o)
 .group         0x00000000        0xc ../libopencm3/lib\libopencm3_stm32f4.a(usart_common_all.o)
 .group         0x00000000        0xc ../libopencm3/lib\libopencm3_stm32f4.a(usart_common_all.o)
 .group         0x00000000        0xc ../libopencm3/lib\libopencm3_stm32f4.a(usart_common_all.o)
 .group         0x00000000        0xc ../libopencm3/lib\libopencm3_stm32f4.a(usart_common_all.o)
 .group         0x00000000        0xc ../libopencm3/lib\libopencm3_stm32f4.a(usart_common_all.o)
 .text          0x00000000        0x0 ../libopencm3/lib\libopencm3_stm32f4.a(usart_common_all.o)
 .data          0x00000000        0x0 ../libopencm3/lib\libopencm3_stm32f4.a(usart_common_all.o)
 .bss           0x00000000        0x0 ../libopencm3/lib\libopencm3_stm32f4.a(usart_common_all.o)
 .text.usart_get_databits
                0x00000000        0xe ../libopencm3/lib\libopencm3_stm32f4.a(usart_common_all.o)
 .text.usart_get_stopbits
                0x00000000        0x8 ../libopencm3/lib\libopencm3_stm32f4.a(usart_common_all.o)
 .text.usart_get_parity
                0x00000000        0x8 ../libopencm3/lib\libopencm3_stm32f4.a(usart_common_all.o)
 .text.usart_disable
                0x00000000        0xa ../libopencm3/lib\libopencm3_stm32f4.a(usart_common_all.o)
 .text.usart_recv_blocking
                0x00000000       0x12 ../libopencm3/lib\libopencm3_stm32f4.a(usart_common_all.o)
 .text.usart_enable_rx_dma
                0x00000000        0xa ../libopencm3/lib\libopencm3_stm32f4.a(usart_common_all.o)
 .text.usart_disable_rx_dma
                0x00000000        0xa ../libopencm3/lib\libopencm3_stm32f4.a(usart_common_all.o)
 .text.usart_enable_tx_dma
                0x00000000        0xa ../libopencm3/lib\libopencm3_stm32f4.a(usart_common_all.o)
 .text.usart_disable_tx_dma
                0x00000000        0xa ../libopencm3/lib\libopencm3_stm32f4.a(usart_common_all.o)
 .text.usart_enable_rx_interrupt
                0x00000000        0xa ../libopencm3/lib\libopencm3_stm32f4.a(usart_common_all.o)
 .text.usart_disable_rx_interrupt
                0x00000000        0xa ../libopencm3/lib\libopencm3_stm32f4.a(usart_common_all.o)
 .text.usart_enable_tx_interrupt
                0x00000000        0xa ../libopencm3/lib\libopencm3_stm32f4.a(usart_common_all.o)
 .text.usart_disable_tx_interrupt
                0x00000000        0xa ../libopencm3/lib\libopencm3_stm32f4.a(usart_common_all.o)
 .text.usart_enable_tx_complete_interrupt
                0x00000000        0xa ../libopencm3/lib\libopencm3_stm32f4.a(usart_common_all.o)
 .text.usart_disable_tx_complete_interrupt
                0x00000000        0xa ../libopencm3/lib\libopencm3_stm32f4.a(usart_common_all.o)
 .text.usart_enable_idle_interrupt
                0x00000000        0xa ../libopencm3/lib\libopencm3_stm32f4.a(usart_common_all.o)
 .text.usart_disable_idle_interrupt
                0x00000000        0xa ../libopencm3/lib\libopencm3_stm32f4.a(usart_common_all.o)
 .text.usart_enable_error_interrupt
                0x00000000        0xa ../libopencm3/lib\libopencm3_stm32f4.a(usart_common_all.o)
 .text.usart_disable_error_interrupt
                0x00000000        0xa ../libopencm3/lib\libopencm3_stm32f4.a(usart_common_all.o)
 .debug_macro   0x00000000      0xacc ../libopencm3/lib\libopencm3_stm32f4.a(usart_common_all.o)
 .debug_macro   0x00000000       0x1c ../libopencm3/lib\libopencm3_stm32f4.a(usart_common_all.o)
 .debug_macro   0x00000000       0x22 ../libopencm3/lib\libopencm3_stm32f4.a(usart_common_all.o)
 .debug_macro   0x00000000       0x56 ../libopencm3/lib\libopencm3_stm32f4.a(usart_common_all.o)
 .debug_macro   0x00000000       0x51 ../libopencm3/lib\libopencm3_stm32f4.a(usart_common_all.o)
 .debug_macro   0x00000000      0x103 ../libopencm3/lib\libopencm3_stm32f4.a(usart_common_all.o)
 .debug_macro   0x00000000       0x6a ../libopencm3/lib\libopencm3_stm32f4.a(usart_common_all.o)
 .debug_macro   0x00000000      0x1df ../libopencm3/lib\libopencm3_stm32f4.a(usart_common_all.o)
 .debug_macro   0x00000000       0x22 ../libopencm3/lib\libopencm3_stm32f4.a(usart_common_all.o)
 .debug_macro   0x00000000       0xe8 ../libopencm3/lib\libopencm3_stm32f4.a(usart_common_all.o)
 .debug_macro   0x00000000       0x76 ../libopencm3/lib\libopencm3_stm32f4.a(usart_common_all.o)
 .debug_macro   0x00000000      0x280 ../libopencm3/lib\libopencm3_stm32f4.a(usart_common_all.o)
 .debug_macro   0x00000000       0x8e ../libopencm3/lib\libopencm3_stm32f4.a(usart_common_all.o)
 .debug_macro   0x00000000       0x46 ../libopencm3/lib\libopencm3_stm32f4.a(usart_common_all.o)
 .debug_macro   0x00000000      0xcea ../libopencm3/lib\libopencm3_stm32f4.a(usart_common_all.o)
 .group         0x00000000        0xc ../libopencm3/lib\libopencm3_stm32f4.a(usart_common_f124.o)
 .group         0x00000000        0xc ../libopencm3/lib\libopencm3_stm32f4.a(usart_common_f124.o)
 .group         0x00000000        0xc ../libopencm3/lib\libopencm3_stm32f4.a(usart_common_f124.o)
 .group         0x00000000        0xc ../libopencm3/lib\libopencm3_stm32f4.a(usart_common_f124.o)
 .group         0x00000000        0xc ../libopencm3/lib\libopencm3_stm32f4.a(usart_common_f124.o)
 .group         0x00000000        0xc ../libopencm3/lib\libopencm3_stm32f4.a(usart_common_f124.o)
 .group         0x00000000        0xc ../libopencm3/lib\libopencm3_stm32f4.a(usart_common_f124.o)
 .group         0x00000000        0xc ../libopencm3/lib\libopencm3_stm32f4.a(usart_common_f124.o)
 .group         0x00000000        0xc ../libopencm3/lib\libopencm3_stm32f4.a(usart_common_f124.o)
 .group         0x00000000        0xc ../libopencm3/lib\libopencm3_stm32f4.a(usart_common_f124.o)
 .group         0x00000000        0xc ../libopencm3/lib\libopencm3_stm32f4.a(usart_common_f124.o)
 .group         0x00000000        0xc ../libopencm3/lib\libopencm3_stm32f4.a(usart_common_f124.o)
 .group         0x00000000        0xc ../libopencm3/lib\libopencm3_stm32f4.a(usart_common_f124.o)
 .group         0x00000000        0xc ../libopencm3/lib\libopencm3_stm32f4.a(usart_common_f124.o)
 .group         0x00000000        0xc ../libopencm3/lib\libopencm3_stm32f4.a(usart_common_f124.o)
 .group         0x00000000        0xc ../libopencm3/lib\libopencm3_stm32f4.a(usart_common_f124.o)
 .group         0x00000000        0xc ../libopencm3/lib\libopencm3_stm32f4.a(usart_common_f124.o)
 .group         0x00000000        0xc ../libopencm3/lib\libopencm3_stm32f4.a(usart_common_f124.o)
 .text          0x00000000        0x0 ../libopencm3/lib\libopencm3_stm32f4.a(usart_common_f124.o)
 .data          0x00000000        0x0 ../libopencm3/lib\libopencm3_stm32f4.a(usart_common_f124.o)
 .bss           0x00000000        0x0 ../libopencm3/lib\libopencm3_stm32f4.a(usart_common_f124.o)
 .text.usart_recv
                0x00000000        0x8 ../libopencm3/lib\libopencm3_stm32f4.a(usart_common_f124.o)
 .text.usart_wait_recv_ready
                0x00000000        0x8 ../libopencm3/lib\libopencm3_stm32f4.a(usart_common_f124.o)
 .text.usart_get_flag
                0x00000000        0xc ../libopencm3/lib\libopencm3_stm32f4.a(usart_common_f124.o)
 .debug_macro   0x00000000      0xacc ../libopencm3/lib\libopencm3_stm32f4.a(usart_common_f124.o)
 .debug_macro   0x00000000       0x1c ../libopencm3/lib\libopencm3_stm32f4.a(usart_common_f124.o)
 .debug_macro   0x00000000       0x22 ../libopencm3/lib\libopencm3_stm32f4.a(usart_common_f124.o)
 .debug_macro   0x00000000       0x56 ../libopencm3/lib\libopencm3_stm32f4.a(usart_common_f124.o)
 .debug_macro   0x00000000       0x51 ../libopencm3/lib\libopencm3_stm32f4.a(usart_common_f124.o)
 .debug_macro   0x00000000      0x103 ../libopencm3/lib\libopencm3_stm32f4.a(usart_common_f124.o)
 .debug_macro   0x00000000       0x6a ../libopencm3/lib\libopencm3_stm32f4.a(usart_common_f124.o)
 .debug_macro   0x00000000      0x1df ../libopencm3/lib\libopencm3_stm32f4.a(usart_common_f124.o)
 .debug_macro   0x00000000       0x22 ../libopencm3/lib\libopencm3_stm32f4.a(usart_common_f124.o)
 .debug_macro   0x00000000       0xe8 ../libopencm3/lib\libopencm3_stm32f4.a(usart_common_f124.o)
 .debug_macro   0x00000000       0x76 ../libopencm3/lib\libopencm3_stm32f4.a(usart_common_f124.o)
 .debug_macro   0x00000000      0x280 ../libopencm3/lib\libopencm3_stm32f4.a(usart_common_f124.o)
 .debug_macro   0x00000000       0x94 ../libopencm3/lib\libopencm3_stm32f4.a(usart_common_f124.o)
 .debug_macro   0x00000000      0x29e ../libopencm3/lib\libopencm3_stm32f4.a(usart_common_f124.o)
 .debug_macro   0x00000000       0xa0 ../libopencm3/lib\libopencm3_stm32f4.a(usart_common_f124.o)
 .debug_macro   0x00000000       0x8e ../libopencm3/lib\libopencm3_stm32f4.a(usart_common_f124.o)
 .debug_macro   0x00000000       0x46 ../libopencm3/lib\libopencm3_stm32f4.a(usart_common_f124.o)
 .debug_macro   0x00000000      0xcea ../libopencm3/lib\libopencm3_stm32f4.a(usart_common_f124.o)
 .group         0x00000000        0xc ../libopencm3/lib\libopencm3_stm32f4.a(systick.o)
 .group         0x00000000        0xc ../libopencm3/lib\libopencm3_stm32f4.a(systick.o)
 .group         0x00000000        0xc ../libopencm3/lib\libopencm3_stm32f4.a(systick.o)
 .group         0x00000000        0xc ../libopencm3/lib\libopencm3_stm32f4.a(systick.o)
 .group         0x00000000        0xc ../libopencm3/lib\libopencm3_stm32f4.a(systick.o)
 .group         0x00000000        0xc ../libopencm3/lib\libopencm3_stm32f4.a(systick.o)
 .group         0x00000000        0xc ../libopencm3/lib\libopencm3_stm32f4.a(systick.o)
 .group         0x00000000        0xc ../libopencm3/lib\libopencm3_stm32f4.a(systick.o)
 .group         0x00000000        0xc ../libopencm3/lib\libopencm3_stm32f4.a(systick.o)
 .group         0x00000000        0xc ../libopencm3/lib\libopencm3_stm32f4.a(systick.o)
 .group         0x00000000        0xc ../libopencm3/lib\libopencm3_stm32f4.a(systick.o)
 .group         0x00000000        0xc ../libopencm3/lib\libopencm3_stm32f4.a(systick.o)
 .text          0x00000000        0x0 ../libopencm3/lib\libopencm3_stm32f4.a(systick.o)
 .data          0x00000000        0x0 ../libopencm3/lib\libopencm3_stm32f4.a(systick.o)
 .bss           0x00000000        0x0 ../libopencm3/lib\libopencm3_stm32f4.a(systick.o)
 .text.systick_set_reload
                0x00000000        0xc ../libopencm3/lib\libopencm3_stm32f4.a(systick.o)
 .text.systick_get_reload
                0x00000000        0xc ../libopencm3/lib\libopencm3_stm32f4.a(systick.o)
 .text.systick_get_value
                0x00000000        0xc ../libopencm3/lib\libopencm3_stm32f4.a(systick.o)
 .text.systick_interrupt_disable
                0x00000000        0xe ../libopencm3/lib\libopencm3_stm32f4.a(systick.o)
 .text.systick_counter_disable
                0x00000000        0xe ../libopencm3/lib\libopencm3_stm32f4.a(systick.o)
 .text.systick_get_countflag
                0x00000000        0xc ../libopencm3/lib\libopencm3_stm32f4.a(systick.o)
 .text.systick_clear
                0x00000000        0xa ../libopencm3/lib\libopencm3_stm32f4.a(systick.o)
 .text.systick_get_calib
                0x00000000        0xc ../libopencm3/lib\libopencm3_stm32f4.a(systick.o)
 .debug_macro   0x00000000      0xacc ../libopencm3/lib\libopencm3_stm32f4.a(systick.o)
 .debug_macro   0x00000000       0x76 ../libopencm3/lib\libopencm3_stm32f4.a(systick.o)
 .debug_macro   0x00000000       0x1c ../libopencm3/lib\libopencm3_stm32f4.a(systick.o)
 .debug_macro   0x00000000       0x22 ../libopencm3/lib\libopencm3_stm32f4.a(systick.o)
 .debug_macro   0x00000000       0x56 ../libopencm3/lib\libopencm3_stm32f4.a(systick.o)
 .debug_macro   0x00000000       0x51 ../libopencm3/lib\libopencm3_stm32f4.a(systick.o)
 .debug_macro   0x00000000      0x103 ../libopencm3/lib\libopencm3_stm32f4.a(systick.o)
 .debug_macro   0x00000000       0x6a ../libopencm3/lib\libopencm3_stm32f4.a(systick.o)
 .debug_macro   0x00000000      0x1df ../libopencm3/lib\libopencm3_stm32f4.a(systick.o)
 .debug_macro   0x00000000       0x22 ../libopencm3/lib\libopencm3_stm32f4.a(systick.o)
 .debug_macro   0x00000000       0xe8 ../libopencm3/lib\libopencm3_stm32f4.a(systick.o)
 .group         0x00000000        0xc ../libopencm3/lib\libopencm3_stm32f4.a(flash_common_all.o)
 .group         0x00000000        0xc ../libopencm3/lib\libopencm3_stm32f4.a(flash_common_all.o)
 .group         0x00000000        0xc ../libopencm3/lib\libopencm3_stm32f4.a(flash_common_all.o)
 .group         0x00000000        0xc ../libopencm3/lib\libopencm3_stm32f4.a(flash_common_all.o)
 .group         0x00000000        0xc ../libopencm3/lib\libopencm3_stm32f4.a(flash_common_all.o)
 .group         0x00000000        0xc ../libopencm3/lib\libopencm3_stm32f4.a(flash_common_all.o)
 .group         0x00000000        0xc ../libopencm3/lib\libopencm3_stm32f4.a(flash_common_all.o)
 .group         0x00000000        0xc ../libopencm3/lib\libopencm3_stm32f4.a(flash_common_all.o)
 .group         0x00000000        0xc ../libopencm3/lib\libopencm3_stm32f4.a(flash_common_all.o)
 .group         0x00000000        0xc ../libopencm3/lib\libopencm3_stm32f4.a(flash_common_all.o)
 .group         0x00000000        0xc ../libopencm3/lib\libopencm3_stm32f4.a(flash_common_all.o)
 .group         0x00000000        0xc ../libopencm3/lib\libopencm3_stm32f4.a(flash_common_all.o)
 .group         0x00000000        0xc ../libopencm3/lib\libopencm3_stm32f4.a(flash_common_all.o)
 .group         0x00000000        0xc ../libopencm3/lib\libopencm3_stm32f4.a(flash_common_all.o)
 .group         0x00000000        0xc ../libopencm3/lib\libopencm3_stm32f4.a(flash_common_all.o)
 .text          0x00000000        0x0 ../libopencm3/lib\libopencm3_stm32f4.a(flash_common_all.o)
 .data          0x00000000        0x0 ../libopencm3/lib\libopencm3_stm32f4.a(flash_common_all.o)
 .bss           0x00000000        0x0 ../libopencm3/lib\libopencm3_stm32f4.a(flash_common_all.o)
 .text.flash_prefetch_enable
                0x00000000       0x14 ../libopencm3/lib\libopencm3_stm32f4.a(flash_common_all.o)
 .text.flash_prefetch_disable
                0x00000000       0x14 ../libopencm3/lib\libopencm3_stm32f4.a(flash_common_all.o)
 .text.flash_unlock_option_bytes
                0x00000000       0x1c ../libopencm3/lib\libopencm3_stm32f4.a(flash_common_all.o)
 .debug_macro   0x00000000      0xacc ../libopencm3/lib\libopencm3_stm32f4.a(flash_common_all.o)
 .debug_macro   0x00000000       0x1c ../libopencm3/lib\libopencm3_stm32f4.a(flash_common_all.o)
 .debug_macro   0x00000000       0x22 ../libopencm3/lib\libopencm3_stm32f4.a(flash_common_all.o)
 .debug_macro   0x00000000       0x56 ../libopencm3/lib\libopencm3_stm32f4.a(flash_common_all.o)
 .debug_macro   0x00000000       0x51 ../libopencm3/lib\libopencm3_stm32f4.a(flash_common_all.o)
 .debug_macro   0x00000000      0x103 ../libopencm3/lib\libopencm3_stm32f4.a(flash_common_all.o)
 .debug_macro   0x00000000       0x6a ../libopencm3/lib\libopencm3_stm32f4.a(flash_common_all.o)
 .debug_macro   0x00000000      0x1df ../libopencm3/lib\libopencm3_stm32f4.a(flash_common_all.o)
 .debug_macro   0x00000000       0x22 ../libopencm3/lib\libopencm3_stm32f4.a(flash_common_all.o)
 .debug_macro   0x00000000       0xe8 ../libopencm3/lib\libopencm3_stm32f4.a(flash_common_all.o)
 .debug_macro   0x00000000       0x76 ../libopencm3/lib\libopencm3_stm32f4.a(flash_common_all.o)
 .debug_macro   0x00000000      0x280 ../libopencm3/lib\libopencm3_stm32f4.a(flash_common_all.o)
 .debug_macro   0x00000000       0x1c ../libopencm3/lib\libopencm3_stm32f4.a(flash_common_all.o)
 .debug_macro   0x00000000      0x143 ../libopencm3/lib\libopencm3_stm32f4.a(flash_common_all.o)
 .debug_macro   0x00000000       0x10 ../libopencm3/lib\libopencm3_stm32f4.a(flash_common_all.o)
 .group         0x00000000        0xc ../libopencm3/lib\libopencm3_stm32f4.a(flash_common_idcache.o)
 .group         0x00000000        0xc ../libopencm3/lib\libopencm3_stm32f4.a(flash_common_idcache.o)
 .group         0x00000000        0xc ../libopencm3/lib\libopencm3_stm32f4.a(flash_common_idcache.o)
 .group         0x00000000        0xc ../libopencm3/lib\libopencm3_stm32f4.a(flash_common_idcache.o)
 .group         0x00000000        0xc ../libopencm3/lib\libopencm3_stm32f4.a(flash_common_idcache.o)
 .group         0x00000000        0xc ../libopencm3/lib\libopencm3_stm32f4.a(flash_common_idcache.o)
 .group         0x00000000        0xc ../libopencm3/lib\libopencm3_stm32f4.a(flash_common_idcache.o)
 .group         0x00000000        0xc ../libopencm3/lib\libopencm3_stm32f4.a(flash_common_idcache.o)
 .group         0x00000000        0xc ../libopencm3/lib\libopencm3_stm32f4.a(flash_common_idcache.o)
 .group         0x00000000        0xc ../libopencm3/lib\libopencm3_stm32f4.a(flash_common_idcache.o)
 .group         0x00000000        0xc ../libopencm3/lib\libopencm3_stm32f4.a(flash_common_idcache.o)
 .group         0x00000000        0xc ../libopencm3/lib\libopencm3_stm32f4.a(flash_common_idcache.o)
 .group         0x00000000        0xc ../libopencm3/lib\libopencm3_stm32f4.a(flash_common_idcache.o)
 .group         0x00000000        0xc ../libopencm3/lib\libopencm3_stm32f4.a(flash_common_idcache.o)
 .group         0x00000000        0xc ../libopencm3/lib\libopencm3_stm32f4.a(flash_common_idcache.o)
 .text          0x00000000        0x0 ../libopencm3/lib\libopencm3_stm32f4.a(flash_common_idcache.o)
 .data          0x00000000        0x0 ../libopencm3/lib\libopencm3_stm32f4.a(flash_common_idcache.o)
 .bss           0x00000000        0x0 ../libopencm3/lib\libopencm3_stm32f4.a(flash_common_idcache.o)
 .text.flash_dcache_reset
                0x00000000       0x14 ../libopencm3/lib\libopencm3_stm32f4.a(flash_common_idcache.o)
 .text.flash_icache_reset
                0x00000000       0x14 ../libopencm3/lib\libopencm3_stm32f4.a(flash_common_idcache.o)
 .debug_macro   0x00000000      0xacc ../libopencm3/lib\libopencm3_stm32f4.a(flash_common_idcache.o)
 .debug_macro   0x00000000       0x1c ../libopencm3/lib\libopencm3_stm32f4.a(flash_common_idcache.o)
 .debug_macro   0x00000000       0x22 ../libopencm3/lib\libopencm3_stm32f4.a(flash_common_idcache.o)
 .debug_macro   0x00000000       0x56 ../libopencm3/lib\libopencm3_stm32f4.a(flash_common_idcache.o)
 .debug_macro   0x00000000       0x51 ../libopencm3/lib\libopencm3_stm32f4.a(flash_common_idcache.o)
 .debug_macro   0x00000000      0x103 ../libopencm3/lib\libopencm3_stm32f4.a(flash_common_idcache.o)
 .debug_macro   0x00000000       0x6a ../libopencm3/lib\libopencm3_stm32f4.a(flash_common_idcache.o)
 .debug_macro   0x00000000      0x1df ../libopencm3/lib\libopencm3_stm32f4.a(flash_common_idcache.o)
 .debug_macro   0x00000000       0x22 ../libopencm3/lib\libopencm3_stm32f4.a(flash_common_idcache.o)
 .debug_macro   0x00000000       0xe8 ../libopencm3/lib\libopencm3_stm32f4.a(flash_common_idcache.o)
 .debug_macro   0x00000000       0x76 ../libopencm3/lib\libopencm3_stm32f4.a(flash_common_idcache.o)
 .debug_macro   0x00000000      0x280 ../libopencm3/lib\libopencm3_stm32f4.a(flash_common_idcache.o)
 .debug_macro   0x00000000       0x1c ../libopencm3/lib\libopencm3_stm32f4.a(flash_common_idcache.o)
 .debug_macro   0x00000000      0x143 ../libopencm3/lib\libopencm3_stm32f4.a(flash_common_idcache.o)
 .debug_macro   0x00000000       0x10 ../libopencm3/lib\libopencm3_stm32f4.a(flash_common_idcache.o)
 .group         0x00000000        0xc ../libopencm3/lib\libopencm3_stm32f4.a(pwr.o)
 .group         0x00000000        0xc ../libopencm3/lib\libopencm3_stm32f4.a(pwr.o)
 .group         0x00000000        0xc ../libopencm3/lib\libopencm3_stm32f4.a(pwr.o)
 .group         0x00000000        0xc ../libopencm3/lib\libopencm3_stm32f4.a(pwr.o)
 .group         0x00000000        0xc ../libopencm3/lib\libopencm3_stm32f4.a(pwr.o)
 .group         0x00000000        0xc ../libopencm3/lib\libopencm3_stm32f4.a(pwr.o)
 .group         0x00000000        0xc ../libopencm3/lib\libopencm3_stm32f4.a(pwr.o)
 .group         0x00000000        0xc ../libopencm3/lib\libopencm3_stm32f4.a(pwr.o)
 .group         0x00000000        0xc ../libopencm3/lib\libopencm3_stm32f4.a(pwr.o)
 .group         0x00000000        0xc ../libopencm3/lib\libopencm3_stm32f4.a(pwr.o)
 .group         0x00000000        0xc ../libopencm3/lib\libopencm3_stm32f4.a(pwr.o)
 .group         0x00000000        0xc ../libopencm3/lib\libopencm3_stm32f4.a(pwr.o)
 .group         0x00000000        0xc ../libopencm3/lib\libopencm3_stm32f4.a(pwr.o)
 .group         0x00000000        0xc ../libopencm3/lib\libopencm3_stm32f4.a(pwr.o)
 .text          0x00000000        0x0 ../libopencm3/lib\libopencm3_stm32f4.a(pwr.o)
 .data          0x00000000        0x0 ../libopencm3/lib\libopencm3_stm32f4.a(pwr.o)
 .bss           0x00000000        0x0 ../libopencm3/lib\libopencm3_stm32f4.a(pwr.o)
 .debug_macro   0x00000000      0xacc ../libopencm3/lib\libopencm3_stm32f4.a(pwr.o)
 .debug_macro   0x00000000       0x1c ../libopencm3/lib\libopencm3_stm32f4.a(pwr.o)
 .debug_macro   0x00000000       0x22 ../libopencm3/lib\libopencm3_stm32f4.a(pwr.o)
 .debug_macro   0x00000000       0x56 ../libopencm3/lib\libopencm3_stm32f4.a(pwr.o)
 .debug_macro   0x00000000       0x51 ../libopencm3/lib\libopencm3_stm32f4.a(pwr.o)
 .debug_macro   0x00000000      0x103 ../libopencm3/lib\libopencm3_stm32f4.a(pwr.o)
 .debug_macro   0x00000000       0x6a ../libopencm3/lib\libopencm3_stm32f4.a(pwr.o)
 .debug_macro   0x00000000      0x1df ../libopencm3/lib\libopencm3_stm32f4.a(pwr.o)
 .debug_macro   0x00000000       0x22 ../libopencm3/lib\libopencm3_stm32f4.a(pwr.o)
 .debug_macro   0x00000000       0xe8 ../libopencm3/lib\libopencm3_stm32f4.a(pwr.o)
 .debug_macro   0x00000000       0x76 ../libopencm3/lib\libopencm3_stm32f4.a(pwr.o)
 .debug_macro   0x00000000      0x280 ../libopencm3/lib\libopencm3_stm32f4.a(pwr.o)
 .debug_macro   0x00000000       0x8e ../libopencm3/lib\libopencm3_stm32f4.a(pwr.o)
 .debug_macro   0x00000000       0x46 ../libopencm3/lib\libopencm3_stm32f4.a(pwr.o)

Memory Configuration

Name             Origin             Length             Attributes
rom              0x08000000         0x0007c000         xr
ram              0x20000000         0x00018000         xrw
*default*        0x00000000         0xffffffff

Linker script and memory map

LOAD src/core/system.o
LOAD src/main.o
LOAD src/bootloader.o
LOAD startup.o
LOAD ../libopencm3/lib\libopencm3_stm32f4.a
START GROUP
LOAD C:/Program Files (x86)/Arm GNU Toolchain arm-none-eabi/14.2 rel1/bin/../lib/gcc/arm-none-eabi/14.2.1/thumb/v7e-m+fp/hard\libgcc.a
LOAD C:/Program Files (x86)/Arm GNU Toolchain arm-none-eabi/14.2 rel1/bin/../lib/gcc/arm-none-eabi/14.2.1/thumb/v7e-m+fp/hard\libc.a
END GROUP

.text           0x08000000     0x8828
 *(.bootloader_section)
 .bootloader_section
                0x08000000     0x8000 src/bootloader.o
 *(.isr_vector)
 .isr_vector    0x08008000       0x40 startup.o
                0x08008000                vector_table
                0x08008040                        . = ALIGN (0x10)
 *(.firmware_info)
 *(.firmware_signature)
 *(.text*)
 .text          0x08008040       0x84 src/core/system.o
                0x08008040                sys_tick_handler
                0x08008098                system_get_ticks
                0x080080b4                system_setup
 .text          0x080080c4      0x118 src/main.o
                0x080080c4                usart_setup
                0x08008134                usart_send_string
                0x08008188                main
 .text          0x080081dc       0x64 startup.o
                0x080081dc                Default_Handler
                0x080081e4                Reset_Handler
 .text.gpio_set
                0x08008240        0x4 ../libopencm3/lib\libopencm3_stm32f4.a(gpio_common_all.o)
                0x08008240                gpio_set
 .text.gpio_toggle
                0x08008244       0x12 ../libopencm3/lib\libopencm3_stm32f4.a(gpio_common_all.o)
                0x08008244                gpio_toggle
 .text.gpio_mode_setup
                0x08008256       0x40 ../libopencm3/lib\libopencm3_stm32f4.a(gpio_common_f0234.o)
                0x08008256                gpio_mode_setup
 .text.gpio_set_af
                0x08008296       0x58 ../libopencm3/lib\libopencm3_stm32f4.a(gpio_common_f0234.o)
                0x08008296                gpio_set_af
 .text.rcc_periph_clock_enable
                0x080082ee       0x1a ../libopencm3/lib\libopencm3_stm32f4.a(rcc_common_all.o)
                0x080082ee                rcc_periph_clock_enable
 .text.rcc_is_osc_ready
                0x08008308       0x64 ../libopencm3/lib\libopencm3_stm32f4.a(rcc.o)
                0x08008308                rcc_is_osc_ready
 .text.rcc_wait_for_osc_ready
                0x0800836c       0x10 ../libopencm3/lib\libopencm3_stm32f4.a(rcc.o)
                0x0800836c                rcc_wait_for_osc_ready
 .text.rcc_osc_on
                0x0800837c       0x74 ../libopencm3/lib\libopencm3_stm32f4.a(rcc.o)
                0x0800837c                rcc_osc_on
 .text.rcc_osc_off
                0x080083f0       0x74 ../libopencm3/lib\libopencm3_stm32f4.a(rcc.o)
                0x080083f0                rcc_osc_off
 .text.rcc_set_sysclk_source
                0x08008464       0x18 ../libopencm3/lib\libopencm3_stm32f4.a(rcc.o)
                0x08008464                rcc_set_sysclk_source
 .text.rcc_set_ppre2
                0x0800847c       0x18 ../libopencm3/lib\libopencm3_stm32f4.a(rcc.o)
                0x0800847c                rcc_set_ppre2
 .text.rcc_set_ppre1
                0x08008494       0x18 ../libopencm3/lib\libopencm3_stm32f4.a(rcc.o)
                0x08008494                rcc_set_ppre1
 .text.rcc_set_hpre
                0x080084ac       0x18 ../libopencm3/lib\libopencm3_stm32f4.a(rcc.o)
                0x080084ac                rcc_set_hpre
 .text.rcc_set_main_pll_hsi
                0x080084c4       0x44 ../libopencm3/lib\libopencm3_stm32f4.a(rcc.o)
                0x080084c4                rcc_set_main_pll_hsi
 .text.rcc_set_main_pll_hse
                0x08008508       0x44 ../libopencm3/lib\libopencm3_stm32f4.a(rcc.o)
                0x08008508                rcc_set_main_pll_hse
 .text.rcc_clock_setup_pll
                0x0800854c       0xe4 ../libopencm3/lib\libopencm3_stm32f4.a(rcc.o)
                0x0800854c                rcc_clock_setup_pll
 .text.rcc_get_usart_clk_freq
                0x08008630       0x20 ../libopencm3/lib\libopencm3_stm32f4.a(rcc.o)
                0x08008630                rcc_get_usart_clk_freq
 .text.usart_set_baudrate
                0x08008650       0x16 ../libopencm3/lib\libopencm3_stm32f4.a(usart_common_all.o)
                0x08008650                usart_set_baudrate
 .text.usart_set_databits
                0x08008666       0x12 ../libopencm3/lib\libopencm3_stm32f4.a(usart_common_all.o)
                0x08008666                usart_set_databits
 .text.usart_set_stopbits
                0x08008678        0xc ../libopencm3/lib\libopencm3_stm32f4.a(usart_common_all.o)
                0x08008678                usart_set_stopbits
 .text.usart_set_parity
                0x08008684        0xc ../libopencm3/lib\libopencm3_stm32f4.a(usart_common_all.o)
                0x08008684                usart_set_parity
 .text.usart_set_mode
                0x08008690        0xc ../libopencm3/lib\libopencm3_stm32f4.a(usart_common_all.o)
                0x08008690                usart_set_mode
 .text.usart_set_flow_control
                0x0800869c        0xc ../libopencm3/lib\libopencm3_stm32f4.a(usart_common_all.o)
                0x0800869c                usart_set_flow_control
 .text.usart_enable
                0x080086a8        0xa ../libopencm3/lib\libopencm3_stm32f4.a(usart_common_all.o)
                0x080086a8                usart_enable
 .text.usart_send_blocking
                0x080086b2       0x16 ../libopencm3/lib\libopencm3_stm32f4.a(usart_common_all.o)
                0x080086b2                usart_send_blocking
 .text.usart_send
                0x080086c8        0x8 ../libopencm3/lib\libopencm3_stm32f4.a(usart_common_f124.o)
                0x080086c8                usart_send
 .text.usart_wait_send_ready
                0x080086d0        0x8 ../libopencm3/lib\libopencm3_stm32f4.a(usart_common_f124.o)
                0x080086d0                usart_wait_send_ready
 .text.systick_set_clocksource
                0x080086d8       0x14 ../libopencm3/lib\libopencm3_stm32f4.a(systick.o)
                0x080086d8                systick_set_clocksource
 .text.systick_set_frequency
                0x080086ec       0x38 ../libopencm3/lib\libopencm3_stm32f4.a(systick.o)
                0x080086ec                systick_set_frequency
 .text.systick_interrupt_enable
                0x08008724        0xe ../libopencm3/lib\libopencm3_stm32f4.a(systick.o)
                0x08008724                systick_interrupt_enable
 .text.systick_counter_enable
                0x08008732        0xe ../libopencm3/lib\libopencm3_stm32f4.a(systick.o)
                0x08008732                systick_counter_enable
 .text.flash_set_ws
                0x08008740       0x18 ../libopencm3/lib\libopencm3_stm32f4.a(flash_common_all.o)
                0x08008740                flash_set_ws
 .text.flash_dcache_enable
                0x08008758       0x14 ../libopencm3/lib\libopencm3_stm32f4.a(flash_common_idcache.o)
                0x08008758                flash_dcache_enable
 .text.flash_dcache_disable
                0x0800876c       0x14 ../libopencm3/lib\libopencm3_stm32f4.a(flash_common_idcache.o)
                0x0800876c                flash_dcache_disable
 .text.flash_icache_enable
                0x08008780       0x14 ../libopencm3/lib\libopencm3_stm32f4.a(flash_common_idcache.o)
                0x08008780                flash_icache_enable
 .text.flash_icache_disable
                0x08008794       0x14 ../libopencm3/lib\libopencm3_stm32f4.a(flash_common_idcache.o)
                0x08008794                flash_icache_disable
 .text.pwr_set_vos_scale
                0x080087a8       0x10 ../libopencm3/lib\libopencm3_stm32f4.a(pwr.o)
                0x080087a8                pwr_set_vos_scale
                0x080087b8                        . = ALIGN (0x4)
 *(.rodata*)
 .rodata.rcc_hsi_configs
                0x080087b8       0x70 ../libopencm3/lib\libopencm3_stm32f4.a(rcc.o)
                0x080087b8                rcc_hsi_configs
                0x08008828                        . = ALIGN (0x4)

.glue_7         0x08008828        0x0
 .glue_7        0x08008828        0x0 linker stubs

.glue_7t        0x08008828        0x0
 .glue_7t       0x08008828        0x0 linker stubs

.vfp11_veneer   0x08008828        0x0
 .vfp11_veneer  0x08008828        0x0 linker stubs

.v4_bx          0x08008828        0x0
 .v4_bx         0x08008828        0x0 linker stubs

.iplt           0x08008828        0x0
 .iplt          0x08008828        0x0 src/core/system.o

.rel.dyn        0x08008828        0x0
 .rel.iplt      0x08008828        0x0 src/core/system.o

.preinit_array  0x08008828        0x0
                0x08008828                        . = ALIGN (0x4)
                0x08008828                        __preinit_array_start = .
 *(.preinit_array)
                0x08008828                        __preinit_array_end = .

.init_array     0x08008828        0x0
                0x08008828                        . = ALIGN (0x4)
                0x08008828                        __init_array_start = .
 *(SORT_BY_NAME(.init_array.*))
 *(.init_array)
                0x08008828                        __init_array_end = .

.fini_array     0x08008828        0x0
                0x08008828                        . = ALIGN (0x4)
                0x08008828                        __fini_array_start = .
 *(.fini_array)
 *(SORT_BY_NAME(.fini_array.*))
                0x08008828                        __fini_array_end = .

.ARM.extab
 *(.ARM.extab*)

.ARM.exidx      0x08008828        0x0
                0x08008828                        __exidx_start = .
 *(.ARM.exidx*)
                0x08008828                        __exidx_end = .
                0x08008828                        . = ALIGN (0x4)
                0x08008828                        _etext = .

.noinit
 *(.noinit*)
                0x08008828                        . = ALIGN (0x4)

.data           0x20000000        0xc load address 0x08008828
                0x20000000                        _data = .
 *(.data*)
 .data.rcc_apb2_frequency
                0x20000000        0x4 ../libopencm3/lib\libopencm3_stm32f4.a(rcc.o)
                0x20000000                rcc_apb2_frequency
 .data.rcc_apb1_frequency
                0x20000004        0x4 ../libopencm3/lib\libopencm3_stm32f4.a(rcc.o)
                0x20000004                rcc_apb1_frequency
 .data.rcc_ahb_frequency
                0x20000008        0x4 ../libopencm3/lib\libopencm3_stm32f4.a(rcc.o)
                0x20000008                rcc_ahb_frequency
 *(.ramtext*)
                0x2000000c                        . = ALIGN (0x4)
                0x2000000c                        _edata = .
                0x08008828                        _data_loadaddr = LOADADDR (.data)

.igot.plt       0x2000000c        0x0 load address 0x08008834
 .igot.plt      0x2000000c        0x0 src/core/system.o

.bss            0x20000010        0x8 load address 0x08008834
                0x20000010                        _sbss = .
 *(.bss*)
 .bss           0x20000010        0x8 src/core/system.o
 *(COMMON)
                0x20000018                        . = ALIGN (0x4)
                0x20000018                        _ebss = .

/DISCARD/
 *(.eh_frame)
                0x20000018                        . = ALIGN (0x4)
                0x20000018                        end = .
                0x20018000                        PROVIDE (_stack = (ORIGIN (ram) + LENGTH (ram)))
OUTPUT(app.elf elf32-littlearm)
LOAD linker stubs

.debug_info     0x00000000     0x3572
 .debug_info    0x00000000      0x2c8 src/core/system.o
 .debug_info    0x000002c8      0x6d4 src/main.o
 .debug_info    0x0000099c      0x14f startup.o
 .debug_info    0x00000aeb      0x256 ../libopencm3/lib\libopencm3_stm32f4.a(gpio_common_all.o)
 .debug_info    0x00000d41      0x21b ../libopencm3/lib\libopencm3_stm32f4.a(gpio_common_f0234.o)
 .debug_info    0x00000f5c      0x932 ../libopencm3/lib\libopencm3_stm32f4.a(rcc_common_all.o)
 .debug_info    0x0000188e      0xfa1 ../libopencm3/lib\libopencm3_stm32f4.a(rcc.o)
 .debug_info    0x0000282f      0x665 ../libopencm3/lib\libopencm3_stm32f4.a(usart_common_all.o)
 .debug_info    0x00002e94      0x192 ../libopencm3/lib\libopencm3_stm32f4.a(usart_common_f124.o)
 .debug_info    0x00003026      0x28f ../libopencm3/lib\libopencm3_stm32f4.a(systick.o)
 .debug_info    0x000032b5       0xf1 ../libopencm3/lib\libopencm3_stm32f4.a(flash_common_all.o)
 .debug_info    0x000033a6       0xe9 ../libopencm3/lib\libopencm3_stm32f4.a(flash_common_idcache.o)
 .debug_info    0x0000348f       0xe3 ../libopencm3/lib\libopencm3_stm32f4.a(pwr.o)

.debug_abbrev   0x00000000      0xf37
 .debug_abbrev  0x00000000      0x18a src/core/system.o
 .debug_abbrev  0x0000018a      0x14d src/main.o
 .debug_abbrev  0x000002d7       0xfa startup.o
 .debug_abbrev  0x000003d1      0x115 ../libopencm3/lib\libopencm3_stm32f4.a(gpio_common_all.o)
 .debug_abbrev  0x000004e6       0xc2 ../libopencm3/lib\libopencm3_stm32f4.a(gpio_common_f0234.o)
 .debug_abbrev  0x000005a8      0x185 ../libopencm3/lib\libopencm3_stm32f4.a(rcc_common_all.o)
 .debug_abbrev  0x0000072d      0x2da ../libopencm3/lib\libopencm3_stm32f4.a(rcc.o)
 .debug_abbrev  0x00000a07      0x1a9 ../libopencm3/lib\libopencm3_stm32f4.a(usart_common_all.o)
 .debug_abbrev  0x00000bb0       0xb6 ../libopencm3/lib\libopencm3_stm32f4.a(usart_common_f124.o)
 .debug_abbrev  0x00000c66      0x14e ../libopencm3/lib\libopencm3_stm32f4.a(systick.o)
 .debug_abbrev  0x00000db4       0x96 ../libopencm3/lib\libopencm3_stm32f4.a(flash_common_all.o)
 .debug_abbrev  0x00000e4a       0x56 ../libopencm3/lib\libopencm3_stm32f4.a(flash_common_idcache.o)
 .debug_abbrev  0x00000ea0       0x97 ../libopencm3/lib\libopencm3_stm32f4.a(pwr.o)

.debug_aranges  0x00000000      0x4b8
 .debug_aranges
                0x00000000       0x20 src/core/system.o
 .debug_aranges
                0x00000020       0x20 src/main.o
 .debug_aranges
                0x00000040       0x20 startup.o
 .debug_aranges
                0x00000060       0x50 ../libopencm3/lib\libopencm3_stm32f4.a(gpio_common_all.o)
 .debug_aranges
                0x000000b0       0x30 ../libopencm3/lib\libopencm3_stm32f4.a(gpio_common_f0234.o)
 .debug_aranges
                0x000000e0       0x80 ../libopencm3/lib\libopencm3_stm32f4.a(rcc_common_all.o)
 .debug_aranges
                0x00000160      0x110 ../libopencm3/lib\libopencm3_stm32f4.a(rcc.o)
 .debug_aranges
                0x00000270       0xf0 ../libopencm3/lib\libopencm3_stm32f4.a(usart_common_all.o)
 .debug_aranges
                0x00000360       0x40 ../libopencm3/lib\libopencm3_stm32f4.a(usart_common_f124.o)
 .debug_aranges
                0x000003a0       0x78 ../libopencm3/lib\libopencm3_stm32f4.a(systick.o)
 .debug_aranges
                0x00000418       0x38 ../libopencm3/lib\libopencm3_stm32f4.a(flash_common_all.o)
 .debug_aranges
                0x00000450       0x48 ../libopencm3/lib\libopencm3_stm32f4.a(flash_common_idcache.o)
 .debug_aranges
                0x00000498       0x20 ../libopencm3/lib\libopencm3_stm32f4.a(pwr.o)

.debug_line     0x00000000     0x399c
 .debug_line    0x00000000      0x1b9 src/core/system.o
 .debug_line    0x000001b9      0x234 src/main.o
 .debug_line    0x000003ed      0x143 startup.o
 .debug_line    0x00000530      0x450 ../libopencm3/lib\libopencm3_stm32f4.a(gpio_common_all.o)
 .debug_line    0x00000980      0x526 ../libopencm3/lib\libopencm3_stm32f4.a(gpio_common_f0234.o)
 .debug_line    0x00000ea6      0x4ee ../libopencm3/lib\libopencm3_stm32f4.a(rcc_common_all.o)
 .debug_line    0x00001394      0xb5a ../libopencm3/lib\libopencm3_stm32f4.a(rcc.o)
 .debug_line    0x00001eee      0x72a ../libopencm3/lib\libopencm3_stm32f4.a(usart_common_all.o)
 .debug_line    0x00002618      0x446 ../libopencm3/lib\libopencm3_stm32f4.a(usart_common_f124.o)
 .debug_line    0x00002a5e      0x418 ../libopencm3/lib\libopencm3_stm32f4.a(systick.o)
 .debug_line    0x00002e76      0x3f0 ../libopencm3/lib\libopencm3_stm32f4.a(flash_common_all.o)
 .debug_line    0x00003266      0x409 ../libopencm3/lib\libopencm3_stm32f4.a(flash_common_idcache.o)
 .debug_line    0x0000366f      0x32d ../libopencm3/lib\libopencm3_stm32f4.a(pwr.o)

.debug_str      0x00000000     0xd527
 .debug_str     0x00000000     0xd527 src/core/system.o
                                0x35e (size before relaxing)
 .debug_str     0x0000d527      0x891 src/main.o
 .debug_str     0x0000d527      0x1a2 startup.o
 .debug_str     0x0000d527     0x6701 ../libopencm3/lib\libopencm3_stm32f4.a(gpio_common_all.o)
 .debug_str     0x0000d527     0x6723 ../libopencm3/lib\libopencm3_stm32f4.a(gpio_common_f0234.o)
 .debug_str     0x0000d527     0x9ac0 ../libopencm3/lib\libopencm3_stm32f4.a(rcc_common_all.o)
 .debug_str     0x0000d527     0xa335 ../libopencm3/lib\libopencm3_stm32f4.a(rcc.o)
 .debug_str     0x0000d527     0xa582 ../libopencm3/lib\libopencm3_stm32f4.a(usart_common_all.o)
 .debug_str     0x0000d527     0xa2ee ../libopencm3/lib\libopencm3_stm32f4.a(usart_common_f124.o)
 .debug_str     0x0000d527     0x4619 ../libopencm3/lib\libopencm3_stm32f4.a(systick.o)
 .debug_str     0x0000d527     0x5a58 ../libopencm3/lib\libopencm3_stm32f4.a(flash_common_all.o)
 .debug_str     0x0000d527     0x5a7a ../libopencm3/lib\libopencm3_stm32f4.a(flash_common_idcache.o)
 .debug_str     0x0000d527     0x56d4 ../libopencm3/lib\libopencm3_stm32f4.a(pwr.o)

.comment        0x00000000       0x45
 .comment       0x00000000       0x45 src/core/system.o
                                 0x46 (size before relaxing)
 .comment       0x00000045       0x46 src/main.o
 .comment       0x00000045       0x46 startup.o
 .comment       0x00000045       0x46 ../libopencm3/lib\libopencm3_stm32f4.a(gpio_common_all.o)
 .comment       0x00000045       0x46 ../libopencm3/lib\libopencm3_stm32f4.a(gpio_common_f0234.o)
 .comment       0x00000045       0x46 ../libopencm3/lib\libopencm3_stm32f4.a(rcc_common_all.o)
 .comment       0x00000045       0x46 ../libopencm3/lib\libopencm3_stm32f4.a(rcc.o)
 .comment       0x00000045       0x46 ../libopencm3/lib\libopencm3_stm32f4.a(usart_common_all.o)
 .comment       0x00000045       0x46 ../libopencm3/lib\libopencm3_stm32f4.a(usart_common_f124.o)
 .comment       0x00000045       0x46 ../libopencm3/lib\libopencm3_stm32f4.a(systick.o)
 .comment       0x00000045       0x46 ../libopencm3/lib\libopencm3_stm32f4.a(flash_common_all.o)
 .comment       0x00000045       0x46 ../libopencm3/lib\libopencm3_stm32f4.a(flash_common_idcache.o)
 .comment       0x00000045       0x46 ../libopencm3/lib\libopencm3_stm32f4.a(pwr.o)

.ARM.attributes
                0x00000000       0x32
 .ARM.attributes
                0x00000000       0x34 src/core/system.o
 .ARM.attributes
                0x00000034       0x34 src/main.o
 .ARM.attributes
                0x00000068       0x34 startup.o
 .ARM.attributes
                0x0000009c       0x34 ../libopencm3/lib\libopencm3_stm32f4.a(gpio_common_all.o)
 .ARM.attributes
                0x000000d0       0x34 ../libopencm3/lib\libopencm3_stm32f4.a(gpio_common_f0234.o)
 .ARM.attributes
                0x00000104       0x34 ../libopencm3/lib\libopencm3_stm32f4.a(rcc_common_all.o)
 .ARM.attributes
                0x00000138       0x34 ../libopencm3/lib\libopencm3_stm32f4.a(rcc.o)
 .ARM.attributes
                0x0000016c       0x34 ../libopencm3/lib\libopencm3_stm32f4.a(usart_common_all.o)
 .ARM.attributes
                0x000001a0       0x34 ../libopencm3/lib\libopencm3_stm32f4.a(usart_common_f124.o)
 .ARM.attributes
                0x000001d4       0x34 ../libopencm3/lib\libopencm3_stm32f4.a(systick.o)
 .ARM.attributes
                0x00000208       0x34 ../libopencm3/lib\libopencm3_stm32f4.a(flash_common_all.o)
 .ARM.attributes
                0x0000023c       0x34 ../libopencm3/lib\libopencm3_stm32f4.a(flash_common_idcache.o)
 .ARM.attributes
                0x00000270       0x34 ../libopencm3/lib\libopencm3_stm32f4.a(pwr.o)

.debug_frame    0x00000000      0x984
 .debug_frame   0x00000000       0xa4 src/core/system.o
 .debug_frame   0x000000a4       0x90 src/main.o
 .debug_frame   0x00000134       0x48 startup.o
 .debug_frame   0x0000017c       0x80 ../libopencm3/lib\libopencm3_stm32f4.a(gpio_common_all.o)
 .debug_frame   0x000001fc       0x70 ../libopencm3/lib\libopencm3_stm32f4.a(gpio_common_f0234.o)
 .debug_frame   0x0000026c       0xe0 ../libopencm3/lib\libopencm3_stm32f4.a(rcc_common_all.o)
 .debug_frame   0x0000034c      0x234 ../libopencm3/lib\libopencm3_stm32f4.a(rcc.o)
 .debug_frame   0x00000580      0x1ec ../libopencm3/lib\libopencm3_stm32f4.a(usart_common_all.o)
 .debug_frame   0x0000076c       0x60 ../libopencm3/lib\libopencm3_stm32f4.a(usart_common_f124.o)
 .debug_frame   0x000007cc       0xd8 ../libopencm3/lib\libopencm3_stm32f4.a(systick.o)
 .debug_frame   0x000008a4       0x50 ../libopencm3/lib\libopencm3_stm32f4.a(flash_common_all.o)
 .debug_frame   0x000008f4       0x70 ../libopencm3/lib\libopencm3_stm32f4.a(flash_common_idcache.o)
 .debug_frame   0x00000964       0x20 ../libopencm3/lib\libopencm3_stm32f4.a(pwr.o)

.debug_loclists
                0x00000000      0xb1c
 .debug_loclists
                0x00000000       0x96 ../libopencm3/lib\libopencm3_stm32f4.a(gpio_common_all.o)
 .debug_loclists
                0x00000096       0xf9 ../libopencm3/lib\libopencm3_stm32f4.a(gpio_common_f0234.o)
 .debug_loclists
                0x0000018f       0x87 ../libopencm3/lib\libopencm3_stm32f4.a(rcc_common_all.o)
 .debug_loclists
                0x00000216      0x52f ../libopencm3/lib\libopencm3_stm32f4.a(rcc.o)
 .debug_loclists
                0x00000745      0x18e ../libopencm3/lib\libopencm3_stm32f4.a(usart_common_all.o)
 .debug_loclists
                0x000008d3       0x79 ../libopencm3/lib\libopencm3_stm32f4.a(usart_common_f124.o)
 .debug_loclists
                0x0000094c      0x192 ../libopencm3/lib\libopencm3_stm32f4.a(systick.o)
 .debug_loclists
                0x00000ade       0x17 ../libopencm3/lib\libopencm3_stm32f4.a(flash_common_all.o)
 .debug_loclists
                0x00000af5       0x27 ../libopencm3/lib\libopencm3_stm32f4.a(pwr.o)

.debug_rnglists
                0x00000000      0x335
 .debug_rnglists
                0x00000000       0x37 ../libopencm3/lib\libopencm3_stm32f4.a(gpio_common_all.o)
 .debug_rnglists
                0x00000037       0x1f ../libopencm3/lib\libopencm3_stm32f4.a(gpio_common_f0234.o)
 .debug_rnglists
                0x00000056       0x5b ../libopencm3/lib\libopencm3_stm32f4.a(rcc_common_all.o)
 .debug_rnglists
                0x000000b1       0xe0 ../libopencm3/lib\libopencm3_stm32f4.a(rcc.o)
 .debug_rnglists
                0x00000191       0xaf ../libopencm3/lib\libopencm3_stm32f4.a(usart_common_all.o)
 .debug_rnglists
                0x00000240       0x2b ../libopencm3/lib\libopencm3_stm32f4.a(usart_common_f124.o)
 .debug_rnglists
                0x0000026b       0x61 ../libopencm3/lib\libopencm3_stm32f4.a(systick.o)
 .debug_rnglists
                0x000002cc       0x25 ../libopencm3/lib\libopencm3_stm32f4.a(flash_common_all.o)
 .debug_rnglists
                0x000002f1       0x31 ../libopencm3/lib\libopencm3_stm32f4.a(flash_common_idcache.o)
 .debug_rnglists
                0x00000322       0x13 ../libopencm3/lib\libopencm3_stm32f4.a(pwr.o)

.debug_macro    0x00000000     0x33fd
 .debug_macro   0x00000000       0xd1 ../libopencm3/lib\libopencm3_stm32f4.a(gpio_common_all.o)
 .debug_macro   0x000000d1      0xacc ../libopencm3/lib\libopencm3_stm32f4.a(gpio_common_all.o)
 .debug_macro   0x00000b9d       0x1c ../libopencm3/lib\libopencm3_stm32f4.a(gpio_common_all.o)
 .debug_macro   0x00000bb9       0x22 ../libopencm3/lib\libopencm3_stm32f4.a(gpio_common_all.o)
 .debug_macro   0x00000bdb       0x56 ../libopencm3/lib\libopencm3_stm32f4.a(gpio_common_all.o)
 .debug_macro   0x00000c31       0x51 ../libopencm3/lib\libopencm3_stm32f4.a(gpio_common_all.o)
 .debug_macro   0x00000c82      0x103 ../libopencm3/lib\libopencm3_stm32f4.a(gpio_common_all.o)
 .debug_macro   0x00000d85       0x6a ../libopencm3/lib\libopencm3_stm32f4.a(gpio_common_all.o)
 .debug_macro   0x00000def      0x1df ../libopencm3/lib\libopencm3_stm32f4.a(gpio_common_all.o)
 .debug_macro   0x00000fce       0x22 ../libopencm3/lib\libopencm3_stm32f4.a(gpio_common_all.o)
 .debug_macro   0x00000ff0       0xe8 ../libopencm3/lib\libopencm3_stm32f4.a(gpio_common_all.o)
 .debug_macro   0x000010d8       0x76 ../libopencm3/lib\libopencm3_stm32f4.a(gpio_common_all.o)
 .debug_macro   0x0000114e      0x280 ../libopencm3/lib\libopencm3_stm32f4.a(gpio_common_all.o)
 .debug_macro   0x000013ce       0x76 ../libopencm3/lib\libopencm3_stm32f4.a(gpio_common_all.o)
 .debug_macro   0x00001444      0x37e ../libopencm3/lib\libopencm3_stm32f4.a(gpio_common_all.o)
 .debug_macro   0x000017c2       0xca ../libopencm3/lib\libopencm3_stm32f4.a(gpio_common_all.o)
 .debug_macro   0x0000188c       0xd1 ../libopencm3/lib\libopencm3_stm32f4.a(gpio_common_f0234.o)
 .debug_macro   0x0000195d       0xf0 ../libopencm3/lib\libopencm3_stm32f4.a(rcc_common_all.o)
 .debug_macro   0x00001a4d       0x8e ../libopencm3/lib\libopencm3_stm32f4.a(rcc_common_all.o)
 .debug_macro   0x00001adb       0x46 ../libopencm3/lib\libopencm3_stm32f4.a(rcc_common_all.o)
 .debug_macro   0x00001b21      0xcea ../libopencm3/lib\libopencm3_stm32f4.a(rcc_common_all.o)
 .debug_macro   0x0000280b      0x124 ../libopencm3/lib\libopencm3_stm32f4.a(rcc.o)
 .debug_macro   0x0000292f       0x16 ../libopencm3/lib\libopencm3_stm32f4.a(rcc.o)
 .debug_macro   0x00002945       0x1c ../libopencm3/lib\libopencm3_stm32f4.a(rcc.o)
 .debug_macro   0x00002961      0x143 ../libopencm3/lib\libopencm3_stm32f4.a(rcc.o)
 .debug_macro   0x00002aa4       0x10 ../libopencm3/lib\libopencm3_stm32f4.a(rcc.o)
 .debug_macro   0x00002ab4      0x10b ../libopencm3/lib\libopencm3_stm32f4.a(usart_common_all.o)
 .debug_macro   0x00002bbf       0x94 ../libopencm3/lib\libopencm3_stm32f4.a(usart_common_all.o)
 .debug_macro   0x00002c53      0x29e ../libopencm3/lib\libopencm3_stm32f4.a(usart_common_all.o)
 .debug_macro   0x00002ef1       0xa0 ../libopencm3/lib\libopencm3_stm32f4.a(usart_common_all.o)
 .debug_macro   0x00002f91      0x10b ../libopencm3/lib\libopencm3_stm32f4.a(usart_common_f124.o)
 .debug_macro   0x0000309c       0x92 ../libopencm3/lib\libopencm3_stm32f4.a(systick.o)
 .debug_macro   0x0000312e       0x69 ../libopencm3/lib\libopencm3_stm32f4.a(systick.o)
 .debug_macro   0x00003197       0xd7 ../libopencm3/lib\libopencm3_stm32f4.a(flash_common_all.o)
 .debug_macro   0x0000326e       0xd7 ../libopencm3/lib\libopencm3_stm32f4.a(flash_common_idcache.o)
 .debug_macro   0x00003345       0xb8 ../libopencm3/lib\libopencm3_stm32f4.a(pwr.o)
