Archive member included to satisfy reference by file (symbol)

../libopencm3/lib\libopencm3_stm32f4.a(rcc.o)
                              src/core/system.o (rcc_clock_setup_pll)
../libopencm3/lib\libopencm3_stm32f4.a(systick.o)
                              src/core/system.o (systick_set_frequency)
../libopencm3/lib\libopencm3_stm32f4.a(flash_common_all.o)
                              ../libopencm3/lib\libopencm3_stm32f4.a(rcc.o) (flash_set_ws)
../libopencm3/lib\libopencm3_stm32f4.a(flash_common_idcache.o)
                              ../libopencm3/lib\libopencm3_stm32f4.a(rcc.o) (flash_dcache_enable)
../libopencm3/lib\libopencm3_stm32f4.a(pwr.o)
                              ../libopencm3/lib\libopencm3_stm32f4.a(rcc.o) (pwr_set_vos_scale)
../libopencm3/lib\libopencm3_stm32f4.a(rcc_common_all.o)
                              ../libopencm3/lib\libopencm3_stm32f4.a(rcc.o) (rcc_periph_clock_enable)

Discarded input sections

 .data          0x00000000        0x0 src/core/system.o
 .data          0x00000000        0x0 src/bootloader.o
 .bss           0x00000000        0x0 src/bootloader.o
 .data          0x00000000        0x0 startup.o
 .bss           0x00000000        0x0 startup.o
 .group         0x00000000        0xc ../libopencm3/lib\libopencm3_stm32f4.a(rcc.o)
 .group         0x00000000        0xc ../libopencm3/lib\libopencm3_stm32f4.a(rcc.o)
 .group         0x00000000        0xc ../libopencm3/lib\libopencm3_stm32f4.a(rcc.o)
 .group         0x00000000        0xc ../libopencm3/lib\libopencm3_stm32f4.a(rcc.o)
 .group         0x00000000        0xc ../libopencm3/lib\libopencm3_stm32f4.a(rcc.o)
 .group         0x00000000        0xc ../libopencm3/lib\libopencm3_stm32f4.a(rcc.o)
 .group         0x00000000        0xc ../libopencm3/lib\libopencm3_stm32f4.a(rcc.o)
 .group         0x00000000        0xc ../libopencm3/lib\libopencm3_stm32f4.a(rcc.o)
 .group         0x00000000        0xc ../libopencm3/lib\libopencm3_stm32f4.a(rcc.o)
 .group         0x00000000        0xc ../libopencm3/lib\libopencm3_stm32f4.a(rcc.o)
 .group         0x00000000        0xc ../libopencm3/lib\libopencm3_stm32f4.a(rcc.o)
 .group         0x00000000        0xc ../libopencm3/lib\libopencm3_stm32f4.a(rcc.o)
 .group         0x00000000        0xc ../libopencm3/lib\libopencm3_stm32f4.a(rcc.o)
 .group         0x00000000        0xc ../libopencm3/lib\libopencm3_stm32f4.a(rcc.o)
 .group         0x00000000        0xc ../libopencm3/lib\libopencm3_stm32f4.a(rcc.o)
 .group         0x00000000        0xc ../libopencm3/lib\libopencm3_stm32f4.a(rcc.o)
 .group         0x00000000        0xc ../libopencm3/lib\libopencm3_stm32f4.a(rcc.o)
 .group         0x00000000        0xc ../libopencm3/lib\libopencm3_stm32f4.a(rcc.o)
 .group         0x00000000        0xc ../libopencm3/lib\libopencm3_stm32f4.a(rcc.o)
 .text          0x00000000        0x0 ../libopencm3/lib\libopencm3_stm32f4.a(rcc.o)
 .data          0x00000000        0x0 ../libopencm3/lib\libopencm3_stm32f4.a(rcc.o)
 .bss           0x00000000        0x0 ../libopencm3/lib\libopencm3_stm32f4.a(rcc.o)
 .text.rcc_osc_ready_int_clear
                0x00000000       0x6c ../libopencm3/lib\libopencm3_stm32f4.a(rcc.o)
 .text.rcc_osc_ready_int_enable
                0x00000000       0x6c ../libopencm3/lib\libopencm3_stm32f4.a(rcc.o)
 .text.rcc_osc_ready_int_disable
                0x00000000       0x6c ../libopencm3/lib\libopencm3_stm32f4.a(rcc.o)
 .text.rcc_osc_ready_int_flag
                0x00000000       0x6c ../libopencm3/lib\libopencm3_stm32f4.a(rcc.o)
 .text.rcc_css_int_clear
                0x00000000       0x14 ../libopencm3/lib\libopencm3_stm32f4.a(rcc.o)
 .text.rcc_css_int_flag
                0x00000000       0x10 ../libopencm3/lib\libopencm3_stm32f4.a(rcc.o)
 .text.rcc_wait_for_sysclk_status
                0x00000000       0x40 ../libopencm3/lib\libopencm3_stm32f4.a(rcc.o)
 .text.rcc_css_enable
                0x00000000       0x14 ../libopencm3/lib\libopencm3_stm32f4.a(rcc.o)
 .text.rcc_css_disable
                0x00000000       0x14 ../libopencm3/lib\libopencm3_stm32f4.a(rcc.o)
 .text.rcc_plli2s_config
                0x00000000       0x1c ../libopencm3/lib\libopencm3_stm32f4.a(rcc.o)
 .text.rcc_pllsai_config
                0x00000000       0x2c ../libopencm3/lib\libopencm3_stm32f4.a(rcc.o)
 .text.rcc_pllsai_postscalers
                0x00000000       0x28 ../libopencm3/lib\libopencm3_stm32f4.a(rcc.o)
 .text.rcc_set_pll_source
                0x00000000       0x18 ../libopencm3/lib\libopencm3_stm32f4.a(rcc.o)
 .text.rcc_set_rtcpre
                0x00000000       0x18 ../libopencm3/lib\libopencm3_stm32f4.a(rcc.o)
 .text.rcc_system_clock_source
                0x00000000       0x10 ../libopencm3/lib\libopencm3_stm32f4.a(rcc.o)
 .text.rcc_clock_setup_hse_3v3
                0x00000000        0x4 ../libopencm3/lib\libopencm3_stm32f4.a(rcc.o)
 .text.rcc_get_usart_clk_freq
                0x00000000       0x20 ../libopencm3/lib\libopencm3_stm32f4.a(rcc.o)
 .text.rcc_get_timer_clk_freq
                0x00000000       0x34 ../libopencm3/lib\libopencm3_stm32f4.a(rcc.o)
 .text.rcc_get_i2c_clk_freq
                0x00000000        0xc ../libopencm3/lib\libopencm3_stm32f4.a(rcc.o)
 .text.rcc_get_spi_clk_freq
                0x00000000       0x20 ../libopencm3/lib\libopencm3_stm32f4.a(rcc.o)
 .rodata.rcc_hse_25mhz_3v3
                0x00000000       0x70 ../libopencm3/lib\libopencm3_stm32f4.a(rcc.o)
 .rodata.rcc_hse_16mhz_3v3
                0x00000000       0x70 ../libopencm3/lib\libopencm3_stm32f4.a(rcc.o)
 .rodata.rcc_hse_12mhz_3v3
                0x00000000       0x70 ../libopencm3/lib\libopencm3_stm32f4.a(rcc.o)
 .rodata.rcc_hse_8mhz_3v3
                0x00000000       0x70 ../libopencm3/lib\libopencm3_stm32f4.a(rcc.o)
 .group         0x00000000        0xc ../libopencm3/lib\libopencm3_stm32f4.a(systick.o)
 .group         0x00000000        0xc ../libopencm3/lib\libopencm3_stm32f4.a(systick.o)
 .group         0x00000000        0xc ../libopencm3/lib\libopencm3_stm32f4.a(systick.o)
 .group         0x00000000        0xc ../libopencm3/lib\libopencm3_stm32f4.a(systick.o)
 .group         0x00000000        0xc ../libopencm3/lib\libopencm3_stm32f4.a(systick.o)
 .group         0x00000000        0xc ../libopencm3/lib\libopencm3_stm32f4.a(systick.o)
 .group         0x00000000        0xc ../libopencm3/lib\libopencm3_stm32f4.a(systick.o)
 .group         0x00000000        0xc ../libopencm3/lib\libopencm3_stm32f4.a(systick.o)
 .group         0x00000000        0xc ../libopencm3/lib\libopencm3_stm32f4.a(systick.o)
 .group         0x00000000        0xc ../libopencm3/lib\libopencm3_stm32f4.a(systick.o)
 .group         0x00000000        0xc ../libopencm3/lib\libopencm3_stm32f4.a(systick.o)
 .group         0x00000000        0xc ../libopencm3/lib\libopencm3_stm32f4.a(systick.o)
 .text          0x00000000        0x0 ../libopencm3/lib\libopencm3_stm32f4.a(systick.o)
 .data          0x00000000        0x0 ../libopencm3/lib\libopencm3_stm32f4.a(systick.o)
 .bss           0x00000000        0x0 ../libopencm3/lib\libopencm3_stm32f4.a(systick.o)
 .text.systick_set_reload
                0x00000000        0xc ../libopencm3/lib\libopencm3_stm32f4.a(systick.o)
 .text.systick_get_reload
                0x00000000        0xc ../libopencm3/lib\libopencm3_stm32f4.a(systick.o)
 .text.systick_get_value
                0x00000000        0xc ../libopencm3/lib\libopencm3_stm32f4.a(systick.o)
 .text.systick_interrupt_disable
                0x00000000        0xe ../libopencm3/lib\libopencm3_stm32f4.a(systick.o)
 .text.systick_counter_disable
                0x00000000        0xe ../libopencm3/lib\libopencm3_stm32f4.a(systick.o)
 .text.systick_get_countflag
                0x00000000        0xc ../libopencm3/lib\libopencm3_stm32f4.a(systick.o)
 .text.systick_clear
                0x00000000        0xa ../libopencm3/lib\libopencm3_stm32f4.a(systick.o)
 .text.systick_get_calib
                0x00000000        0xc ../libopencm3/lib\libopencm3_stm32f4.a(systick.o)
 .debug_macro   0x00000000      0xacc ../libopencm3/lib\libopencm3_stm32f4.a(systick.o)
 .debug_macro   0x00000000       0x76 ../libopencm3/lib\libopencm3_stm32f4.a(systick.o)
 .debug_macro   0x00000000       0x1c ../libopencm3/lib\libopencm3_stm32f4.a(systick.o)
 .debug_macro   0x00000000       0x22 ../libopencm3/lib\libopencm3_stm32f4.a(systick.o)
 .debug_macro   0x00000000       0x56 ../libopencm3/lib\libopencm3_stm32f4.a(systick.o)
 .debug_macro   0x00000000       0x51 ../libopencm3/lib\libopencm3_stm32f4.a(systick.o)
 .debug_macro   0x00000000      0x103 ../libopencm3/lib\libopencm3_stm32f4.a(systick.o)
 .debug_macro   0x00000000       0x6a ../libopencm3/lib\libopencm3_stm32f4.a(systick.o)
 .debug_macro   0x00000000      0x1df ../libopencm3/lib\libopencm3_stm32f4.a(systick.o)
 .debug_macro   0x00000000       0x22 ../libopencm3/lib\libopencm3_stm32f4.a(systick.o)
 .debug_macro   0x00000000       0xe8 ../libopencm3/lib\libopencm3_stm32f4.a(systick.o)
 .group         0x00000000        0xc ../libopencm3/lib\libopencm3_stm32f4.a(flash_common_all.o)
 .group         0x00000000        0xc ../libopencm3/lib\libopencm3_stm32f4.a(flash_common_all.o)
 .group         0x00000000        0xc ../libopencm3/lib\libopencm3_stm32f4.a(flash_common_all.o)
 .group         0x00000000        0xc ../libopencm3/lib\libopencm3_stm32f4.a(flash_common_all.o)
 .group         0x00000000        0xc ../libopencm3/lib\libopencm3_stm32f4.a(flash_common_all.o)
 .group         0x00000000        0xc ../libopencm3/lib\libopencm3_stm32f4.a(flash_common_all.o)
 .group         0x00000000        0xc ../libopencm3/lib\libopencm3_stm32f4.a(flash_common_all.o)
 .group         0x00000000        0xc ../libopencm3/lib\libopencm3_stm32f4.a(flash_common_all.o)
 .group         0x00000000        0xc ../libopencm3/lib\libopencm3_stm32f4.a(flash_common_all.o)
 .group         0x00000000        0xc ../libopencm3/lib\libopencm3_stm32f4.a(flash_common_all.o)
 .group         0x00000000        0xc ../libopencm3/lib\libopencm3_stm32f4.a(flash_common_all.o)
 .group         0x00000000        0xc ../libopencm3/lib\libopencm3_stm32f4.a(flash_common_all.o)
 .group         0x00000000        0xc ../libopencm3/lib\libopencm3_stm32f4.a(flash_common_all.o)
 .group         0x00000000        0xc ../libopencm3/lib\libopencm3_stm32f4.a(flash_common_all.o)
 .group         0x00000000        0xc ../libopencm3/lib\libopencm3_stm32f4.a(flash_common_all.o)
 .text          0x00000000        0x0 ../libopencm3/lib\libopencm3_stm32f4.a(flash_common_all.o)
 .data          0x00000000        0x0 ../libopencm3/lib\libopencm3_stm32f4.a(flash_common_all.o)
 .bss           0x00000000        0x0 ../libopencm3/lib\libopencm3_stm32f4.a(flash_common_all.o)
 .text.flash_prefetch_enable
                0x00000000       0x14 ../libopencm3/lib\libopencm3_stm32f4.a(flash_common_all.o)
 .text.flash_prefetch_disable
                0x00000000       0x14 ../libopencm3/lib\libopencm3_stm32f4.a(flash_common_all.o)
 .text.flash_unlock_option_bytes
                0x00000000       0x1c ../libopencm3/lib\libopencm3_stm32f4.a(flash_common_all.o)
 .debug_macro   0x00000000      0xacc ../libopencm3/lib\libopencm3_stm32f4.a(flash_common_all.o)
 .debug_macro   0x00000000       0x1c ../libopencm3/lib\libopencm3_stm32f4.a(flash_common_all.o)
 .debug_macro   0x00000000       0x22 ../libopencm3/lib\libopencm3_stm32f4.a(flash_common_all.o)
 .debug_macro   0x00000000       0x56 ../libopencm3/lib\libopencm3_stm32f4.a(flash_common_all.o)
 .debug_macro   0x00000000       0x51 ../libopencm3/lib\libopencm3_stm32f4.a(flash_common_all.o)
 .debug_macro   0x00000000      0x103 ../libopencm3/lib\libopencm3_stm32f4.a(flash_common_all.o)
 .debug_macro   0x00000000       0x6a ../libopencm3/lib\libopencm3_stm32f4.a(flash_common_all.o)
 .debug_macro   0x00000000      0x1df ../libopencm3/lib\libopencm3_stm32f4.a(flash_common_all.o)
 .debug_macro   0x00000000       0x22 ../libopencm3/lib\libopencm3_stm32f4.a(flash_common_all.o)
 .debug_macro   0x00000000       0xe8 ../libopencm3/lib\libopencm3_stm32f4.a(flash_common_all.o)
 .debug_macro   0x00000000       0x76 ../libopencm3/lib\libopencm3_stm32f4.a(flash_common_all.o)
 .debug_macro   0x00000000      0x280 ../libopencm3/lib\libopencm3_stm32f4.a(flash_common_all.o)
 .debug_macro   0x00000000       0x1c ../libopencm3/lib\libopencm3_stm32f4.a(flash_common_all.o)
 .debug_macro   0x00000000      0x143 ../libopencm3/lib\libopencm3_stm32f4.a(flash_common_all.o)
 .debug_macro   0x00000000       0x10 ../libopencm3/lib\libopencm3_stm32f4.a(flash_common_all.o)
 .group         0x00000000        0xc ../libopencm3/lib\libopencm3_stm32f4.a(flash_common_idcache.o)
 .group         0x00000000        0xc ../libopencm3/lib\libopencm3_stm32f4.a(flash_common_idcache.o)
 .group         0x00000000        0xc ../libopencm3/lib\libopencm3_stm32f4.a(flash_common_idcache.o)
 .group         0x00000000        0xc ../libopencm3/lib\libopencm3_stm32f4.a(flash_common_idcache.o)
 .group         0x00000000        0xc ../libopencm3/lib\libopencm3_stm32f4.a(flash_common_idcache.o)
 .group         0x00000000        0xc ../libopencm3/lib\libopencm3_stm32f4.a(flash_common_idcache.o)
 .group         0x00000000        0xc ../libopencm3/lib\libopencm3_stm32f4.a(flash_common_idcache.o)
 .group         0x00000000        0xc ../libopencm3/lib\libopencm3_stm32f4.a(flash_common_idcache.o)
 .group         0x00000000        0xc ../libopencm3/lib\libopencm3_stm32f4.a(flash_common_idcache.o)
 .group         0x00000000        0xc ../libopencm3/lib\libopencm3_stm32f4.a(flash_common_idcache.o)
 .group         0x00000000        0xc ../libopencm3/lib\libopencm3_stm32f4.a(flash_common_idcache.o)
 .group         0x00000000        0xc ../libopencm3/lib\libopencm3_stm32f4.a(flash_common_idcache.o)
 .group         0x00000000        0xc ../libopencm3/lib\libopencm3_stm32f4.a(flash_common_idcache.o)
 .group         0x00000000        0xc ../libopencm3/lib\libopencm3_stm32f4.a(flash_common_idcache.o)
 .group         0x00000000        0xc ../libopencm3/lib\libopencm3_stm32f4.a(flash_common_idcache.o)
 .text          0x00000000        0x0 ../libopencm3/lib\libopencm3_stm32f4.a(flash_common_idcache.o)
 .data          0x00000000        0x0 ../libopencm3/lib\libopencm3_stm32f4.a(flash_common_idcache.o)
 .bss           0x00000000        0x0 ../libopencm3/lib\libopencm3_stm32f4.a(flash_common_idcache.o)
 .text.flash_dcache_reset
                0x00000000       0x14 ../libopencm3/lib\libopencm3_stm32f4.a(flash_common_idcache.o)
 .text.flash_icache_reset
                0x00000000       0x14 ../libopencm3/lib\libopencm3_stm32f4.a(flash_common_idcache.o)
 .debug_macro   0x00000000      0xacc ../libopencm3/lib\libopencm3_stm32f4.a(flash_common_idcache.o)
 .debug_macro   0x00000000       0x1c ../libopencm3/lib\libopencm3_stm32f4.a(flash_common_idcache.o)
 .debug_macro   0x00000000       0x22 ../libopencm3/lib\libopencm3_stm32f4.a(flash_common_idcache.o)
 .debug_macro   0x00000000       0x56 ../libopencm3/lib\libopencm3_stm32f4.a(flash_common_idcache.o)
 .debug_macro   0x00000000       0x51 ../libopencm3/lib\libopencm3_stm32f4.a(flash_common_idcache.o)
 .debug_macro   0x00000000      0x103 ../libopencm3/lib\libopencm3_stm32f4.a(flash_common_idcache.o)
 .debug_macro   0x00000000       0x6a ../libopencm3/lib\libopencm3_stm32f4.a(flash_common_idcache.o)
 .debug_macro   0x00000000      0x1df ../libopencm3/lib\libopencm3_stm32f4.a(flash_common_idcache.o)
 .debug_macro   0x00000000       0x22 ../libopencm3/lib\libopencm3_stm32f4.a(flash_common_idcache.o)
 .debug_macro   0x00000000       0xe8 ../libopencm3/lib\libopencm3_stm32f4.a(flash_common_idcache.o)
 .debug_macro   0x00000000       0x76 ../libopencm3/lib\libopencm3_stm32f4.a(flash_common_idcache.o)
 .debug_macro   0x00000000      0x280 ../libopencm3/lib\libopencm3_stm32f4.a(flash_common_idcache.o)
 .debug_macro   0x00000000       0x1c ../libopencm3/lib\libopencm3_stm32f4.a(flash_common_idcache.o)
 .debug_macro   0x00000000      0x143 ../libopencm3/lib\libopencm3_stm32f4.a(flash_common_idcache.o)
 .debug_macro   0x00000000       0x10 ../libopencm3/lib\libopencm3_stm32f4.a(flash_common_idcache.o)
 .group         0x00000000        0xc ../libopencm3/lib\libopencm3_stm32f4.a(pwr.o)
 .group         0x00000000        0xc ../libopencm3/lib\libopencm3_stm32f4.a(pwr.o)
 .group         0x00000000        0xc ../libopencm3/lib\libopencm3_stm32f4.a(pwr.o)
 .group         0x00000000        0xc ../libopencm3/lib\libopencm3_stm32f4.a(pwr.o)
 .group         0x00000000        0xc ../libopencm3/lib\libopencm3_stm32f4.a(pwr.o)
 .group         0x00000000        0xc ../libopencm3/lib\libopencm3_stm32f4.a(pwr.o)
 .group         0x00000000        0xc ../libopencm3/lib\libopencm3_stm32f4.a(pwr.o)
 .group         0x00000000        0xc ../libopencm3/lib\libopencm3_stm32f4.a(pwr.o)
 .group         0x00000000        0xc ../libopencm3/lib\libopencm3_stm32f4.a(pwr.o)
 .group         0x00000000        0xc ../libopencm3/lib\libopencm3_stm32f4.a(pwr.o)
 .group         0x00000000        0xc ../libopencm3/lib\libopencm3_stm32f4.a(pwr.o)
 .group         0x00000000        0xc ../libopencm3/lib\libopencm3_stm32f4.a(pwr.o)
 .group         0x00000000        0xc ../libopencm3/lib\libopencm3_stm32f4.a(pwr.o)
 .group         0x00000000        0xc ../libopencm3/lib\libopencm3_stm32f4.a(pwr.o)
 .text          0x00000000        0x0 ../libopencm3/lib\libopencm3_stm32f4.a(pwr.o)
 .data          0x00000000        0x0 ../libopencm3/lib\libopencm3_stm32f4.a(pwr.o)
 .bss           0x00000000        0x0 ../libopencm3/lib\libopencm3_stm32f4.a(pwr.o)
 .debug_macro   0x00000000      0xacc ../libopencm3/lib\libopencm3_stm32f4.a(pwr.o)
 .debug_macro   0x00000000       0x1c ../libopencm3/lib\libopencm3_stm32f4.a(pwr.o)
 .debug_macro   0x00000000       0x22 ../libopencm3/lib\libopencm3_stm32f4.a(pwr.o)
 .debug_macro   0x00000000       0x56 ../libopencm3/lib\libopencm3_stm32f4.a(pwr.o)
 .debug_macro   0x00000000       0x51 ../libopencm3/lib\libopencm3_stm32f4.a(pwr.o)
 .debug_macro   0x00000000      0x103 ../libopencm3/lib\libopencm3_stm32f4.a(pwr.o)
 .debug_macro   0x00000000       0x6a ../libopencm3/lib\libopencm3_stm32f4.a(pwr.o)
 .debug_macro   0x00000000      0x1df ../libopencm3/lib\libopencm3_stm32f4.a(pwr.o)
 .debug_macro   0x00000000       0x22 ../libopencm3/lib\libopencm3_stm32f4.a(pwr.o)
 .debug_macro   0x00000000       0xe8 ../libopencm3/lib\libopencm3_stm32f4.a(pwr.o)
 .debug_macro   0x00000000       0x76 ../libopencm3/lib\libopencm3_stm32f4.a(pwr.o)
 .debug_macro   0x00000000      0x280 ../libopencm3/lib\libopencm3_stm32f4.a(pwr.o)
 .debug_macro   0x00000000       0x8e ../libopencm3/lib\libopencm3_stm32f4.a(pwr.o)
 .debug_macro   0x00000000       0x46 ../libopencm3/lib\libopencm3_stm32f4.a(pwr.o)
 .group         0x00000000        0xc ../libopencm3/lib\libopencm3_stm32f4.a(rcc_common_all.o)
 .group         0x00000000        0xc ../libopencm3/lib\libopencm3_stm32f4.a(rcc_common_all.o)
 .group         0x00000000        0xc ../libopencm3/lib\libopencm3_stm32f4.a(rcc_common_all.o)
 .group         0x00000000        0xc ../libopencm3/lib\libopencm3_stm32f4.a(rcc_common_all.o)
 .group         0x00000000        0xc ../libopencm3/lib\libopencm3_stm32f4.a(rcc_common_all.o)
 .group         0x00000000        0xc ../libopencm3/lib\libopencm3_stm32f4.a(rcc_common_all.o)
 .group         0x00000000        0xc ../libopencm3/lib\libopencm3_stm32f4.a(rcc_common_all.o)
 .group         0x00000000        0xc ../libopencm3/lib\libopencm3_stm32f4.a(rcc_common_all.o)
 .group         0x00000000        0xc ../libopencm3/lib\libopencm3_stm32f4.a(rcc_common_all.o)
 .group         0x00000000        0xc ../libopencm3/lib\libopencm3_stm32f4.a(rcc_common_all.o)
 .group         0x00000000        0xc ../libopencm3/lib\libopencm3_stm32f4.a(rcc_common_all.o)
 .group         0x00000000        0xc ../libopencm3/lib\libopencm3_stm32f4.a(rcc_common_all.o)
 .group         0x00000000        0xc ../libopencm3/lib\libopencm3_stm32f4.a(rcc_common_all.o)
 .group         0x00000000        0xc ../libopencm3/lib\libopencm3_stm32f4.a(rcc_common_all.o)
 .group         0x00000000        0xc ../libopencm3/lib\libopencm3_stm32f4.a(rcc_common_all.o)
 .text          0x00000000        0x0 ../libopencm3/lib\libopencm3_stm32f4.a(rcc_common_all.o)
 .data          0x00000000        0x0 ../libopencm3/lib\libopencm3_stm32f4.a(rcc_common_all.o)
 .bss           0x00000000        0x0 ../libopencm3/lib\libopencm3_stm32f4.a(rcc_common_all.o)
 .text.rcc_peripheral_enable_clock
                0x00000000        0x8 ../libopencm3/lib\libopencm3_stm32f4.a(rcc_common_all.o)
 .text.rcc_peripheral_disable_clock
                0x00000000        0xa ../libopencm3/lib\libopencm3_stm32f4.a(rcc_common_all.o)
 .text.rcc_peripheral_reset
                0x00000000        0x8 ../libopencm3/lib\libopencm3_stm32f4.a(rcc_common_all.o)
 .text.rcc_peripheral_clear_reset
                0x00000000        0xa ../libopencm3/lib\libopencm3_stm32f4.a(rcc_common_all.o)
 .text.rcc_periph_clock_disable
                0x00000000       0x1c ../libopencm3/lib\libopencm3_stm32f4.a(rcc_common_all.o)
 .text.rcc_periph_reset_pulse
                0x00000000       0x22 ../libopencm3/lib\libopencm3_stm32f4.a(rcc_common_all.o)
 .text.rcc_periph_reset_hold
                0x00000000        0x4 ../libopencm3/lib\libopencm3_stm32f4.a(rcc_common_all.o)
 .text.rcc_periph_reset_release
                0x00000000        0x4 ../libopencm3/lib\libopencm3_stm32f4.a(rcc_common_all.o)
 .text.rcc_set_mco
                0x00000000       0x18 ../libopencm3/lib\libopencm3_stm32f4.a(rcc_common_all.o)
 .text.rcc_osc_bypass_enable
                0x00000000       0x30 ../libopencm3/lib\libopencm3_stm32f4.a(rcc_common_all.o)
 .text.rcc_osc_bypass_disable
                0x00000000       0x30 ../libopencm3/lib\libopencm3_stm32f4.a(rcc_common_all.o)
 .text.rcc_get_div_from_hpre
                0x00000000       0x18 ../libopencm3/lib\libopencm3_stm32f4.a(rcc_common_all.o)
 .debug_macro   0x00000000      0xacc ../libopencm3/lib\libopencm3_stm32f4.a(rcc_common_all.o)
 .debug_macro   0x00000000       0x1c ../libopencm3/lib\libopencm3_stm32f4.a(rcc_common_all.o)
 .debug_macro   0x00000000       0x22 ../libopencm3/lib\libopencm3_stm32f4.a(rcc_common_all.o)
 .debug_macro   0x00000000       0x56 ../libopencm3/lib\libopencm3_stm32f4.a(rcc_common_all.o)
 .debug_macro   0x00000000       0x51 ../libopencm3/lib\libopencm3_stm32f4.a(rcc_common_all.o)
 .debug_macro   0x00000000      0x103 ../libopencm3/lib\libopencm3_stm32f4.a(rcc_common_all.o)
 .debug_macro   0x00000000       0x6a ../libopencm3/lib\libopencm3_stm32f4.a(rcc_common_all.o)
 .debug_macro   0x00000000      0x1df ../libopencm3/lib\libopencm3_stm32f4.a(rcc_common_all.o)
 .debug_macro   0x00000000       0x22 ../libopencm3/lib\libopencm3_stm32f4.a(rcc_common_all.o)
 .debug_macro   0x00000000       0xe8 ../libopencm3/lib\libopencm3_stm32f4.a(rcc_common_all.o)
 .debug_macro   0x00000000       0x76 ../libopencm3/lib\libopencm3_stm32f4.a(rcc_common_all.o)
 .debug_macro   0x00000000      0x280 ../libopencm3/lib\libopencm3_stm32f4.a(rcc_common_all.o)
 .debug_macro   0x00000000       0x8e ../libopencm3/lib\libopencm3_stm32f4.a(rcc_common_all.o)
 .debug_macro   0x00000000       0x46 ../libopencm3/lib\libopencm3_stm32f4.a(rcc_common_all.o)
 .debug_macro   0x00000000      0xcea ../libopencm3/lib\libopencm3_stm32f4.a(rcc_common_all.o)

Memory Configuration

Name             Origin             Length             Attributes
RAM              0x20000000         0x00020000         xrw
ROM              0x08000000         0x00008000         xr
*default*        0x00000000         0xffffffff

Linker script and memory map

LOAD src/core/system.o
LOAD src/bootloader.o
LOAD startup.o
LOAD ../libopencm3/lib\libopencm3_stm32f4.a
START GROUP
LOAD C:/Program Files (x86)/Arm GNU Toolchain arm-none-eabi/14.2 rel1/bin/../lib/gcc/arm-none-eabi/14.2.1/thumb/v7e-m+fp/hard\libgcc.a
LOAD C:/Program Files (x86)/Arm GNU Toolchain arm-none-eabi/14.2 rel1/bin/../lib/gcc/arm-none-eabi/14.2.1/thumb/v7e-m+fp/hard\libc.a
END GROUP

.isr_vector     0x08000000       0x40
                0x08000000                        . = ALIGN (0x4)
 *(.isr_vector)
 .isr_vector    0x08000000       0x40 startup.o
                0x08000000                vector_table
                0x08000040                        . = ALIGN (0x4)

.text           0x08000040      0x540
                0x08000040                        . = ALIGN (0x4)
 *(.text)
 .text          0x08000040       0x84 src/core/system.o
                0x08000040                sys_tick_handler
                0x08000098                system_get_ticks
                0x080000b4                system_setup
 .text          0x080000c4       0x34 src/bootloader.o
                0x080000e8                main
 .text          0x080000f8       0x64 startup.o
                0x080000f8                Default_Handler
                0x08000100                Reset_Handler
 *(.text*)
 .text.rcc_is_osc_ready
                0x0800015c       0x64 ../libopencm3/lib\libopencm3_stm32f4.a(rcc.o)
                0x0800015c                rcc_is_osc_ready
 .text.rcc_wait_for_osc_ready
                0x080001c0       0x10 ../libopencm3/lib\libopencm3_stm32f4.a(rcc.o)
                0x080001c0                rcc_wait_for_osc_ready
 .text.rcc_osc_on
                0x080001d0       0x74 ../libopencm3/lib\libopencm3_stm32f4.a(rcc.o)
                0x080001d0                rcc_osc_on
 .text.rcc_osc_off
                0x08000244       0x74 ../libopencm3/lib\libopencm3_stm32f4.a(rcc.o)
                0x08000244                rcc_osc_off
 .text.rcc_set_sysclk_source
                0x080002b8       0x18 ../libopencm3/lib\libopencm3_stm32f4.a(rcc.o)
                0x080002b8                rcc_set_sysclk_source
 .text.rcc_set_ppre2
                0x080002d0       0x18 ../libopencm3/lib\libopencm3_stm32f4.a(rcc.o)
                0x080002d0                rcc_set_ppre2
 .text.rcc_set_ppre1
                0x080002e8       0x18 ../libopencm3/lib\libopencm3_stm32f4.a(rcc.o)
                0x080002e8                rcc_set_ppre1
 .text.rcc_set_hpre
                0x08000300       0x18 ../libopencm3/lib\libopencm3_stm32f4.a(rcc.o)
                0x08000300                rcc_set_hpre
 .text.rcc_set_main_pll_hsi
                0x08000318       0x44 ../libopencm3/lib\libopencm3_stm32f4.a(rcc.o)
                0x08000318                rcc_set_main_pll_hsi
 .text.rcc_set_main_pll_hse
                0x0800035c       0x44 ../libopencm3/lib\libopencm3_stm32f4.a(rcc.o)
                0x0800035c                rcc_set_main_pll_hse
 .text.rcc_clock_setup_pll
                0x080003a0       0xe4 ../libopencm3/lib\libopencm3_stm32f4.a(rcc.o)
                0x080003a0                rcc_clock_setup_pll
 .text.systick_set_clocksource
                0x08000484       0x14 ../libopencm3/lib\libopencm3_stm32f4.a(systick.o)
                0x08000484                systick_set_clocksource
 .text.systick_set_frequency
                0x08000498       0x38 ../libopencm3/lib\libopencm3_stm32f4.a(systick.o)
                0x08000498                systick_set_frequency
 .text.systick_interrupt_enable
                0x080004d0        0xe ../libopencm3/lib\libopencm3_stm32f4.a(systick.o)
                0x080004d0                systick_interrupt_enable
 .text.systick_counter_enable
                0x080004de        0xe ../libopencm3/lib\libopencm3_stm32f4.a(systick.o)
                0x080004de                systick_counter_enable
 .text.flash_set_ws
                0x080004ec       0x18 ../libopencm3/lib\libopencm3_stm32f4.a(flash_common_all.o)
                0x080004ec                flash_set_ws
 .text.flash_dcache_enable
                0x08000504       0x14 ../libopencm3/lib\libopencm3_stm32f4.a(flash_common_idcache.o)
                0x08000504                flash_dcache_enable
 .text.flash_dcache_disable
                0x08000518       0x14 ../libopencm3/lib\libopencm3_stm32f4.a(flash_common_idcache.o)
                0x08000518                flash_dcache_disable
 .text.flash_icache_enable
                0x0800052c       0x14 ../libopencm3/lib\libopencm3_stm32f4.a(flash_common_idcache.o)
                0x0800052c                flash_icache_enable
 .text.flash_icache_disable
                0x08000540       0x14 ../libopencm3/lib\libopencm3_stm32f4.a(flash_common_idcache.o)
                0x08000540                flash_icache_disable
 .text.pwr_set_vos_scale
                0x08000554       0x10 ../libopencm3/lib\libopencm3_stm32f4.a(pwr.o)
                0x08000554                pwr_set_vos_scale
 .text.rcc_periph_clock_enable
                0x08000564       0x1a ../libopencm3/lib\libopencm3_stm32f4.a(rcc_common_all.o)
                0x08000564                rcc_periph_clock_enable
 *(.glue_7)
 .glue_7        0x0800057e        0x0 linker stubs
 *(.glue_7t)
 .glue_7t       0x0800057e        0x0 linker stubs
 *(.eh_frame)
 *(.init)
 *(.fini)
                0x08000580                        . = ALIGN (0x4)
 *fill*         0x0800057e        0x2 
                0x08000580                        _etext = .

.vfp11_veneer   0x08000580        0x0
 .vfp11_veneer  0x08000580        0x0 linker stubs

.v4_bx          0x08000580        0x0
 .v4_bx         0x08000580        0x0 linker stubs

.iplt           0x08000580        0x0
 .iplt          0x08000580        0x0 src/core/system.o

.rodata         0x08000580       0x70
                0x08000580                        . = ALIGN (0x4)
 *(.rodata)
 *(.rodata*)
 .rodata.rcc_hsi_configs
                0x08000580       0x70 ../libopencm3/lib\libopencm3_stm32f4.a(rcc.o)
                0x08000580                rcc_hsi_configs
                0x080005f0                        . = ALIGN (0x4)
                0x080005f0                        _sidata = LOADADDR (.data)

.rel.dyn        0x080005f0        0x0
 .rel.iplt      0x080005f0        0x0 src/core/system.o

.data           0x20000000        0xc load address 0x080005f0
                0x20000000                        . = ALIGN (0x4)
                0x20000000                        _sdata = .
 *(.data)
 *(.data*)
 .data.rcc_apb2_frequency
                0x20000000        0x4 ../libopencm3/lib\libopencm3_stm32f4.a(rcc.o)
                0x20000000                rcc_apb2_frequency
 .data.rcc_apb1_frequency
                0x20000004        0x4 ../libopencm3/lib\libopencm3_stm32f4.a(rcc.o)
                0x20000004                rcc_apb1_frequency
 .data.rcc_ahb_frequency
                0x20000008        0x4 ../libopencm3/lib\libopencm3_stm32f4.a(rcc.o)
                0x20000008                rcc_ahb_frequency
                0x2000000c                        . = ALIGN (0x4)
                0x2000000c                        _edata = .

.igot.plt       0x2000000c        0x0 load address 0x080005fc
 .igot.plt      0x2000000c        0x0 src/core/system.o

.bss            0x20000010        0x8 load address 0x080005fc
                0x20000010                        . = ALIGN (0x4)
                0x20000010                        _sbss = .
                0x20000010                        __bss_start__ = _sbss
 *(.bss)
 .bss           0x20000010        0x8 src/core/system.o
 *(.bss*)
 *(COMMON)
                0x20000018                        . = ALIGN (0x4)
                0x20000018                        _ebss = .
                0x20000018                        __bss_end__ = _ebss
                0x20020000                        PROVIDE (_stack = (ORIGIN (RAM) + LENGTH (RAM)))
OUTPUT(bootloader.elf elf32-littlearm)
LOAD linker stubs

.debug_info     0x00000000     0x2329
 .debug_info    0x00000000      0x2c8 src/core/system.o
 .debug_info    0x000002c8       0xf3 src/bootloader.o
 .debug_info    0x000003bb      0x14f startup.o
 .debug_info    0x0000050a      0xfa1 ../libopencm3/lib\libopencm3_stm32f4.a(rcc.o)
 .debug_info    0x000014ab      0x28f ../libopencm3/lib\libopencm3_stm32f4.a(systick.o)
 .debug_info    0x0000173a       0xf1 ../libopencm3/lib\libopencm3_stm32f4.a(flash_common_all.o)
 .debug_info    0x0000182b       0xe9 ../libopencm3/lib\libopencm3_stm32f4.a(flash_common_idcache.o)
 .debug_info    0x00001914       0xe3 ../libopencm3/lib\libopencm3_stm32f4.a(pwr.o)
 .debug_info    0x000019f7      0x932 ../libopencm3/lib\libopencm3_stm32f4.a(rcc_common_all.o)

.debug_abbrev   0x00000000      0xa44
 .debug_abbrev  0x00000000      0x18a src/core/system.o
 .debug_abbrev  0x0000018a       0x90 src/bootloader.o
 .debug_abbrev  0x0000021a       0xfa startup.o
 .debug_abbrev  0x00000314      0x2da ../libopencm3/lib\libopencm3_stm32f4.a(rcc.o)
 .debug_abbrev  0x000005ee      0x14e ../libopencm3/lib\libopencm3_stm32f4.a(systick.o)
 .debug_abbrev  0x0000073c       0x96 ../libopencm3/lib\libopencm3_stm32f4.a(flash_common_all.o)
 .debug_abbrev  0x000007d2       0x56 ../libopencm3/lib\libopencm3_stm32f4.a(flash_common_idcache.o)
 .debug_abbrev  0x00000828       0x97 ../libopencm3/lib\libopencm3_stm32f4.a(pwr.o)
 .debug_abbrev  0x000008bf      0x185 ../libopencm3/lib\libopencm3_stm32f4.a(rcc_common_all.o)

.debug_aranges  0x00000000      0x308
 .debug_aranges
                0x00000000       0x20 src/core/system.o
 .debug_aranges
                0x00000020       0x20 src/bootloader.o
 .debug_aranges
                0x00000040       0x20 startup.o
 .debug_aranges
                0x00000060      0x110 ../libopencm3/lib\libopencm3_stm32f4.a(rcc.o)
 .debug_aranges
                0x00000170       0x78 ../libopencm3/lib\libopencm3_stm32f4.a(systick.o)
 .debug_aranges
                0x000001e8       0x38 ../libopencm3/lib\libopencm3_stm32f4.a(flash_common_all.o)
 .debug_aranges
                0x00000220       0x48 ../libopencm3/lib\libopencm3_stm32f4.a(flash_common_idcache.o)
 .debug_aranges
                0x00000268       0x20 ../libopencm3/lib\libopencm3_stm32f4.a(pwr.o)
 .debug_aranges
                0x00000288       0x80 ../libopencm3/lib\libopencm3_stm32f4.a(rcc_common_all.o)

.debug_line     0x00000000     0x23bb
 .debug_line    0x00000000      0x1b9 src/core/system.o
 .debug_line    0x000001b9      0x139 src/bootloader.o
 .debug_line    0x000002f2      0x143 startup.o
 .debug_line    0x00000435      0xb5a ../libopencm3/lib\libopencm3_stm32f4.a(rcc.o)
 .debug_line    0x00000f8f      0x418 ../libopencm3/lib\libopencm3_stm32f4.a(systick.o)
 .debug_line    0x000013a7      0x3f0 ../libopencm3/lib\libopencm3_stm32f4.a(flash_common_all.o)
 .debug_line    0x00001797      0x409 ../libopencm3/lib\libopencm3_stm32f4.a(flash_common_idcache.o)
 .debug_line    0x00001ba0      0x32d ../libopencm3/lib\libopencm3_stm32f4.a(pwr.o)
 .debug_line    0x00001ecd      0x4ee ../libopencm3/lib\libopencm3_stm32f4.a(rcc_common_all.o)

.debug_str      0x00000000     0xab32
 .debug_str     0x00000000     0xab32 src/core/system.o
                                0x365 (size before relaxing)
 .debug_str     0x0000ab32      0x182 src/bootloader.o
 .debug_str     0x0000ab32      0x1a3 startup.o
 .debug_str     0x0000ab32     0xa335 ../libopencm3/lib\libopencm3_stm32f4.a(rcc.o)
 .debug_str     0x0000ab32     0x4619 ../libopencm3/lib\libopencm3_stm32f4.a(systick.o)
 .debug_str     0x0000ab32     0x5a58 ../libopencm3/lib\libopencm3_stm32f4.a(flash_common_all.o)
 .debug_str     0x0000ab32     0x5a7a ../libopencm3/lib\libopencm3_stm32f4.a(flash_common_idcache.o)
 .debug_str     0x0000ab32     0x56d4 ../libopencm3/lib\libopencm3_stm32f4.a(pwr.o)
 .debug_str     0x0000ab32     0x9ac0 ../libopencm3/lib\libopencm3_stm32f4.a(rcc_common_all.o)

.comment        0x00000000       0x45
 .comment       0x00000000       0x45 src/core/system.o
                                 0x46 (size before relaxing)
 .comment       0x00000045       0x46 src/bootloader.o
 .comment       0x00000045       0x46 startup.o
 .comment       0x00000045       0x46 ../libopencm3/lib\libopencm3_stm32f4.a(rcc.o)
 .comment       0x00000045       0x46 ../libopencm3/lib\libopencm3_stm32f4.a(systick.o)
 .comment       0x00000045       0x46 ../libopencm3/lib\libopencm3_stm32f4.a(flash_common_all.o)
 .comment       0x00000045       0x46 ../libopencm3/lib\libopencm3_stm32f4.a(flash_common_idcache.o)
 .comment       0x00000045       0x46 ../libopencm3/lib\libopencm3_stm32f4.a(pwr.o)
 .comment       0x00000045       0x46 ../libopencm3/lib\libopencm3_stm32f4.a(rcc_common_all.o)

.ARM.attributes
                0x00000000       0x34
 .ARM.attributes
                0x00000000       0x34 src/core/system.o
 .ARM.attributes
                0x00000034       0x34 src/bootloader.o
 .ARM.attributes
                0x00000068       0x34 startup.o
 .ARM.attributes
                0x0000009c       0x34 ../libopencm3/lib\libopencm3_stm32f4.a(rcc.o)
 .ARM.attributes
                0x000000d0       0x34 ../libopencm3/lib\libopencm3_stm32f4.a(systick.o)
 .ARM.attributes
                0x00000104       0x34 ../libopencm3/lib\libopencm3_stm32f4.a(flash_common_all.o)
 .ARM.attributes
                0x00000138       0x34 ../libopencm3/lib\libopencm3_stm32f4.a(flash_common_idcache.o)
 .ARM.attributes
                0x0000016c       0x34 ../libopencm3/lib\libopencm3_stm32f4.a(pwr.o)
 .ARM.attributes
                0x000001a0       0x34 ../libopencm3/lib\libopencm3_stm32f4.a(rcc_common_all.o)

.debug_frame    0x00000000      0x608
 .debug_frame   0x00000000       0xa4 src/core/system.o
 .debug_frame   0x000000a4       0x50 src/bootloader.o
 .debug_frame   0x000000f4       0x48 startup.o
 .debug_frame   0x0000013c      0x234 ../libopencm3/lib\libopencm3_stm32f4.a(rcc.o)
 .debug_frame   0x00000370       0xd8 ../libopencm3/lib\libopencm3_stm32f4.a(systick.o)
 .debug_frame   0x00000448       0x50 ../libopencm3/lib\libopencm3_stm32f4.a(flash_common_all.o)
 .debug_frame   0x00000498       0x70 ../libopencm3/lib\libopencm3_stm32f4.a(flash_common_idcache.o)
 .debug_frame   0x00000508       0x20 ../libopencm3/lib\libopencm3_stm32f4.a(pwr.o)
 .debug_frame   0x00000528       0xe0 ../libopencm3/lib\libopencm3_stm32f4.a(rcc_common_all.o)

.debug_loclists
                0x00000000      0x786
 .debug_loclists
                0x00000000      0x52f ../libopencm3/lib\libopencm3_stm32f4.a(rcc.o)
 .debug_loclists
                0x0000052f      0x192 ../libopencm3/lib\libopencm3_stm32f4.a(systick.o)
 .debug_loclists
                0x000006c1       0x17 ../libopencm3/lib\libopencm3_stm32f4.a(flash_common_all.o)
 .debug_loclists
                0x000006d8       0x27 ../libopencm3/lib\libopencm3_stm32f4.a(pwr.o)
 .debug_loclists
                0x000006ff       0x87 ../libopencm3/lib\libopencm3_stm32f4.a(rcc_common_all.o)

.debug_rnglists
                0x00000000      0x205
 .debug_rnglists
                0x00000000       0xe0 ../libopencm3/lib\libopencm3_stm32f4.a(rcc.o)
 .debug_rnglists
                0x000000e0       0x61 ../libopencm3/lib\libopencm3_stm32f4.a(systick.o)
 .debug_rnglists
                0x00000141       0x25 ../libopencm3/lib\libopencm3_stm32f4.a(flash_common_all.o)
 .debug_rnglists
                0x00000166       0x31 ../libopencm3/lib\libopencm3_stm32f4.a(flash_common_idcache.o)
 .debug_rnglists
                0x00000197       0x13 ../libopencm3/lib\libopencm3_stm32f4.a(pwr.o)
 .debug_rnglists
                0x000001aa       0x5b ../libopencm3/lib\libopencm3_stm32f4.a(rcc_common_all.o)

.debug_macro    0x00000000     0x27b5
 .debug_macro   0x00000000      0x124 ../libopencm3/lib\libopencm3_stm32f4.a(rcc.o)
 .debug_macro   0x00000124      0xacc ../libopencm3/lib\libopencm3_stm32f4.a(rcc.o)
 .debug_macro   0x00000bf0       0x1c ../libopencm3/lib\libopencm3_stm32f4.a(rcc.o)
 .debug_macro   0x00000c0c       0x22 ../libopencm3/lib\libopencm3_stm32f4.a(rcc.o)
 .debug_macro   0x00000c2e       0x56 ../libopencm3/lib\libopencm3_stm32f4.a(rcc.o)
 .debug_macro   0x00000c84       0x51 ../libopencm3/lib\libopencm3_stm32f4.a(rcc.o)
 .debug_macro   0x00000cd5      0x103 ../libopencm3/lib\libopencm3_stm32f4.a(rcc.o)
 .debug_macro   0x00000dd8       0x6a ../libopencm3/lib\libopencm3_stm32f4.a(rcc.o)
 .debug_macro   0x00000e42      0x1df ../libopencm3/lib\libopencm3_stm32f4.a(rcc.o)
 .debug_macro   0x00001021       0x22 ../libopencm3/lib\libopencm3_stm32f4.a(rcc.o)
 .debug_macro   0x00001043       0xe8 ../libopencm3/lib\libopencm3_stm32f4.a(rcc.o)
 .debug_macro   0x0000112b       0x16 ../libopencm3/lib\libopencm3_stm32f4.a(rcc.o)
 .debug_macro   0x00001141       0x76 ../libopencm3/lib\libopencm3_stm32f4.a(rcc.o)
 .debug_macro   0x000011b7      0x280 ../libopencm3/lib\libopencm3_stm32f4.a(rcc.o)
 .debug_macro   0x00001437       0x8e ../libopencm3/lib\libopencm3_stm32f4.a(rcc.o)
 .debug_macro   0x000014c5       0x46 ../libopencm3/lib\libopencm3_stm32f4.a(rcc.o)
 .debug_macro   0x0000150b      0xcea ../libopencm3/lib\libopencm3_stm32f4.a(rcc.o)
 .debug_macro   0x000021f5       0x1c ../libopencm3/lib\libopencm3_stm32f4.a(rcc.o)
 .debug_macro   0x00002211      0x143 ../libopencm3/lib\libopencm3_stm32f4.a(rcc.o)
 .debug_macro   0x00002354       0x10 ../libopencm3/lib\libopencm3_stm32f4.a(rcc.o)
 .debug_macro   0x00002364       0x92 ../libopencm3/lib\libopencm3_stm32f4.a(systick.o)
 .debug_macro   0x000023f6       0x69 ../libopencm3/lib\libopencm3_stm32f4.a(systick.o)
 .debug_macro   0x0000245f       0xd7 ../libopencm3/lib\libopencm3_stm32f4.a(flash_common_all.o)
 .debug_macro   0x00002536       0xd7 ../libopencm3/lib\libopencm3_stm32f4.a(flash_common_idcache.o)
 .debug_macro   0x0000260d       0xb8 ../libopencm3/lib\libopencm3_stm32f4.a(pwr.o)
 .debug_macro   0x000026c5       0xf0 ../libopencm3/lib\libopencm3_stm32f4.a(rcc_common_all.o)
